Archive member included to satisfy reference by file (symbol)

C:/devkitPro/devkitARM/bin/../lib/gcc/arm-none-eabi/15.1.0/thumb\libgcc.a(_aeabi_ldivmod.o)
                              bn_hw_text.o (__aeabi_ldivmod)
C:/devkitPro/devkitARM/bin/../lib/gcc/arm-none-eabi/15.1.0/thumb\libgcc.a(_aeabi_uldivmod.o)
                              bn_hw_text.o (__aeabi_uldivmod)
C:/devkitPro/devkitARM/bin/../lib/gcc/arm-none-eabi/15.1.0/thumb\libgcc.a(_sync_none.o)
                              (__sync_synchronize_none)
C:/devkitPro/devkitARM/bin/../lib/gcc/arm-none-eabi/15.1.0/thumb\libgcc.a(_udivmoddi4.o)
                              C:/devkitPro/devkitARM/bin/../lib/gcc/arm-none-eabi/15.1.0/thumb\libgcc.a(_aeabi_ldivmod.o) (__udivmoddi4)

Discarded input sections

 .text          0x00000000        0x0 C:/devkitPro/devkitARM/bin/../lib/gcc/arm-none-eabi/15.1.0/../../../../arm-none-eabi/lib/thumb/gba_crt0.o
 .data          0x00000000        0x0 C:/devkitPro/devkitARM/bin/../lib/gcc/arm-none-eabi/15.1.0/../../../../arm-none-eabi/lib/thumb/gba_crt0.o
 .bss           0x00000000        0x0 C:/devkitPro/devkitARM/bin/../lib/gcc/arm-none-eabi/15.1.0/../../../../arm-none-eabi/lib/thumb/gba_crt0.o
 .text          0x00000000        0x0 C:/devkitPro/devkitARM/bin/../lib/gcc/arm-none-eabi/15.1.0/thumb/crti.o
 .data          0x00000000        0x0 C:/devkitPro/devkitARM/bin/../lib/gcc/arm-none-eabi/15.1.0/thumb/crti.o
 .bss           0x00000000        0x0 C:/devkitPro/devkitARM/bin/../lib/gcc/arm-none-eabi/15.1.0/thumb/crti.o
 .text          0x00000000        0x0 C:/devkitPro/devkitARM/bin/../lib/gcc/arm-none-eabi/15.1.0/thumb/crtbegin.o
 .data          0x00000000        0x0 C:/devkitPro/devkitARM/bin/../lib/gcc/arm-none-eabi/15.1.0/thumb/crtbegin.o
 .bss           0x00000000        0x0 C:/devkitPro/devkitARM/bin/../lib/gcc/arm-none-eabi/15.1.0/thumb/crtbegin.o
 .rodata.all_implied_fbits
                0x00000000       0x24 C:/devkitPro/devkitARM/bin/../lib/gcc/arm-none-eabi/15.1.0/thumb/crtbegin.o
 .data.__dso_handle
                0x00000000        0x4 C:/devkitPro/devkitARM/bin/../lib/gcc/arm-none-eabi/15.1.0/thumb/crtbegin.o
 .text          0x00000000        0x0 bn_audio_soundbank.bin.o
 .data          0x00000000        0x0 bn_audio_soundbank.bin.o
 .bss           0x00000000        0x0 bn_audio_soundbank.bin.o
 .text          0x00000000        0x0 ammo_bn_gfx.o
 .data          0x00000000        0x0 ammo_bn_gfx.o
 .bss           0x00000000        0x0 ammo_bn_gfx.o
 .text          0x00000000        0x0 background_bn_gfx.o
 .data          0x00000000        0x0 background_bn_gfx.o
 .bss           0x00000000        0x0 background_bn_gfx.o
 .text          0x00000000        0x0 fire_bn_gfx.o
 .data          0x00000000        0x0 fire_bn_gfx.o
 .bss           0x00000000        0x0 fire_bn_gfx.o
 .text          0x00000000        0x0 invaders_bn_gfx.o
 .data          0x00000000        0x0 invaders_bn_gfx.o
 .bss           0x00000000        0x0 invaders_bn_gfx.o
 .rodata        0x00000000      0x120 invaders_bn_gfx.o
 .text          0x00000000        0x0 spaceship_bn_gfx.o
 .data          0x00000000        0x0 spaceship_bn_gfx.o
 .bss           0x00000000        0x0 spaceship_bn_gfx.o
 .group         0x00000000        0xc main.o
 .text          0x00000000        0x0 main.o
 .data          0x00000000        0x0 main.o
 .bss           0x00000000        0x0 main.o
 .group         0x00000000        0xc si_bullet.o
 .text          0x00000000        0x0 si_bullet.o
 .data          0x00000000        0x0 si_bullet.o
 .bss           0x00000000        0x0 si_bullet.o
 .group         0x00000000        0xc si_bullet_buffer.o
 .text          0x00000000        0x0 si_bullet_buffer.o
 .data          0x00000000        0x0 si_bullet_buffer.o
 .bss           0x00000000        0x0 si_bullet_buffer.o
 .text          0x00000000        0x0 si_invader.o
 .data          0x00000000        0x0 si_invader.o
 .bss           0x00000000        0x0 si_invader.o
 .debug_info    0x00000000     0x2752 si_invader.o
 .debug_abbrev  0x00000000      0x5be si_invader.o
 .debug_aranges
                0x00000000       0x18 si_invader.o
 .debug_line    0x00000000      0x5c8 si_invader.o
 .debug_str     0x00000000     0x1591 si_invader.o
 .comment       0x00000000       0x24 si_invader.o
 .group         0x00000000        0xc si_player.o
 .group         0x00000000        0xc si_player.o
 .group         0x00000000        0xc si_player.o
 .group         0x00000000        0xc si_player.o
 .group         0x00000000        0xc si_player.o
 .text          0x00000000        0x0 si_player.o
 .data          0x00000000        0x0 si_player.o
 .bss           0x00000000        0x0 si_player.o
 .text._ZN2si3hitEv
                0x00000000        0x4 si_player.o
 .group         0x00000000        0xc bn_affine_bg_animate_actions.o
 .group         0x00000000        0xc bn_affine_bg_animate_actions.o
[...]
Memory Configuration

Name             Origin             Length             Attributes
rom              0x08000000         0x02000000
iwram            0x03000000         0x00008000
ewram            0x02000000         0x00040000
*default*        0x00000000         0xffffffff

Linker script and memory map

                0x00000000                        __sync_synchronize = __sync_synchronize_none
                0x08000000                        __text_start = ORIGIN (rom)
                0x02040000                        __eheap_end = (ORIGIN (ewram) + LENGTH (ewram))
                0x03000000                        __iwram_start = ORIGIN (iwram)
                0x03008000                        __iwram_top = (ORIGIN (iwram) + LENGTH (iwram))
                0x03007fa0                        __sp_irq = (__iwram_top - 0x60)
                0x03007f00                        __sp_usr = (__sp_irq - 0xa0)
                0x03007ff8                        __irq_flags = 0x3007ff8
                0x08000000                        . = __text_start

.crt0           0x08000000      0x210
 *(.crt0)
 .crt0          0x08000000      0x210 C:/devkitPro/devkitARM/bin/../lib/gcc/arm-none-eabi/15.1.0/../../../../arm-none-eabi/lib/thumb/gba_crt0.o
                0x08000000                _start
                0x080000c4                __boot_method
                0x080000c5                __slave_number
                0x080000e0                start_vector
                0x08000210                        . = ALIGN (0x4)

.init           0x08000210        0xc
 *(SORT_NONE(.init))
 .init          0x08000210        0x4 C:/devkitPro/devkitARM/bin/../lib/gcc/arm-none-eabi/15.1.0/thumb/crti.o
                0x08000210                _init
 .init          0x08000214        0x8 C:/devkitPro/devkitARM/bin/../lib/gcc/arm-none-eabi/15.1.0/thumb/crtn.o

.plt            0x0800021c        0x0
 *(.plt)
                0x0800021c                        . = ALIGN (0x4)

.text           0x08000220    0x14b40
 *(EXCLUDE_FILE(*.iwram*) .text*)
 .text.__do_global_dtors_aux
                0x08000220       0x2c C:/devkitPro/devkitARM/bin/../lib/gcc/arm-none-eabi/15.1.0/thumb/crtbegin.o
 .text.frame_dummy
                0x0800024c       0x24 C:/devkitPro/devkitARM/bin/../lib/gcc/arm-none-eabi/15.1.0/thumb/crtbegin.o
 .text.startup.main
                0x08000270       0x44 main.o
                0x08000270                main
 .text._ZN2si6BulletC2EN2bn7fixed_tILi12EEES3_
                0x080002b4       0x68 si_bullet.o
                0x080002b4                si::Bullet::Bullet(bn::fixed_t<12>, bn::fixed_t<12>)
                0x080002b4                si::Bullet::Bullet(bn::fixed_t<12>, bn::fixed_t<12>)
 .text._ZN2si6Bullet9has_valueEv
                0x0800031c        0x4 si_bullet.o
                0x0800031c                si::Bullet::has_value()
 .text._ZN2si6Bullet6updateEv
                0x08000320       0x4c si_bullet.o
                0x08000320                si::Bullet::update()
 .text._ZN2si12BulletBufferC2Ev
                0x0800036c       0x14 si_bullet_buffer.o
                0x0800036c                si::BulletBuffer::BulletBuffer()
                0x0800036c                si::BulletBuffer::BulletBuffer()
 .text._ZN2si12BulletBuffer10add_bufferEN2bn7fixed_tILi12EEES3_
                0x08000380      0x19c si_bullet_buffer.o
                0x08000380                si::BulletBuffer::add_buffer(bn::fixed_t<12>, bn::fixed_t<12>)
 .text._ZN3_bn6assert9show_argsIJA19_ciA4_ciEEEvPKcS5_S5_iDpRKT_
                0x0800051c       0x64 si_bullet_buffer.o
                0x0800051c                void _bn::assert::show_args<char [19], int, char [4], int>(char const*, char const*, char const*, int, char const (&) [19], int const&, char const (&) [4], int const&)
 .text._ZN2si12BulletBuffer6updateEv
                0x08000580      0x1c0 si_bullet_buffer.o
                0x08000580                si::BulletBuffer::update()
 .text._ZN2si6Player6updateERNS_12BulletBufferE
                0x08000740      0x300 si_player.o
                0x08000740                si::Player::update(si::BulletBuffer&)
 .text._ZN2bn13ostringstream6appendILi12EEEvNS_7fixed_tIXT_EEE
                0x08000a40       0xa0 si_player.o
                0x08000a40                void bn::ostringstream::append<12>(bn::fixed_t<12>)
 .text._ZN3_bn6assert9show_argsIA16_cN2bn7fixed_tILi12EEEEEvPKcS7_S7_iRKT_RKT0_
                0x08000ae0       0x54 si_player.o
                0x08000ae0                void _bn::assert::show_args<char [16], bn::fixed_t<12> >(char const*, char const*, char const*, int, char const (&) [16], bn::fixed_t<12> const&)
 .text._ZN3_bn6assert9show_argsIA17_cN2bn7fixed_tILi12EEEEEvPKcS7_S7_iRKT_RKT0_
                0x08000b34       0x54 si_player.o
                0x08000b34                void _bn::assert::show_args<char [17], bn::fixed_t<12> >(char const*, char const*, char const*, int, char const (&) [17], bn::fixed_t<12> const&)
 .text._ZN2si6PlayerC2EN2bn13fixed_point_tILi12EEENS1_7fixed_tILi12EEE
                0x08000b88      0x104 si_player.o
                0x08000b88                si::Player::Player(bn::fixed_point_t<12>, bn::fixed_t<12>)
                0x08000b88                si::Player::Player(bn::fixed_point_t<12>, bn::fixed_t<12>)
 .text._ZN2bn13ostringstream11append_argsIiJA4_ciEEEvRKT_DpRKT0_.isra.0
                0x08000c8c       0x24 bn_affine_bg_animate_actions.o
 .text._ZN3_bn6assert9show_argsIJA16_ciA4_ciEEEvPKcS5_S5_iDpRKT_
                0x08000cb0       0x58 bn_affine_bg_animate_actions.o
                0x08000cb0                void _bn::assert::show_args<char [16], int, char [4], int>(char const*, char const*, char const*, int, char const (&) [16], int const&, char const (&) [4], int const&)
 .text._ZN3_bn6assert9show_argsIA15_cEEvPKcS4_S4_iRKT_
                0x08000d08       0x48 bn_affine_bg_animate_actions.o
                0x08000d08                void _bn::assert::show_args<char [15]>(char const*, char const*, char const*, int, char const (&) [15])
 .text._ZN3_bn6assert9show_argsIA23_ciEEvPKcS4_S4_iRKT_RKT0_
                0x08000d50       0x54 bn_affine_bg_animate_actions.o
                0x08000d50                void _bn::assert::show_args<char [23], int>(char const*, char const*, char const*, int, char const (&) [23], int const&)
 .text._ZN3_bn6assert9show_argsIA24_ciEEvPKcS4_S4_iRKT_RKT0_
                0x08000da4       0x54 bn_affine_bg_animate_actions.o
                0x08000da4                void _bn::assert::show_args<char [24], int>(char const*, char const*, char const*, int, char const (&) [24], int const&)
 .text._ZN2bn13audio_manager4initEv
                0x08000df8       0x60 bn_audio_manager.bn_noflto.o
                0x08000df8                bn::audio_manager::init()
 .text._ZN2bn13audio_manager7disableEv
                0x08000e58       0x10 bn_audio_manager.bn_noflto.o
                0x08000e58                bn::audio_manager::disable()
 .text._ZN2bn13audio_manager10sound_dataEt
                0x08000e68       0x6c bn_audio_manager.bn_noflto.o
                0x08000e68                bn::audio_manager::sound_data(unsigned short)
 .text._ZN2bn13audio_manager6updateEv
                0x08000ed4       0x18 bn_audio_manager.bn_noflto.o
                0x08000ed4                bn::audio_manager::update()
 .text._ZN2bn13audio_manager13vblank_commitEv
                0x08000eec       0x2c bn_audio_manager.bn_noflto.o
                0x08000eec                bn::audio_manager::vblank_commit()
 .text._ZN2bn13audio_manager14delayed_commitEv
                0x08000f18       0x34 bn_audio_manager.bn_noflto.o
                0x08000f18                bn::audio_manager::delayed_commit()
 .text._ZN2bn13audio_manager4stopEv
                0x08000f4c       0x78 bn_audio_manager.bn_noflto.o
                0x08000f4c                bn::audio_manager::stop()
 .text._ZN3_bn6assert9show_argsIA18_ciEEvPKcS4_S4_iRKT_RKT0_
                0x08000fc4       0x54 bn_audio_manager.bn_noflto.o
                0x08000fc4                void _bn::assert::show_args<char [18], int>(char const*, char const*, char const*, int, char const (&) [18], int const&)
 .text._ZN3_bn6assert9show_argsIA14_ciEEvPKcS4_S4_iRKT_RKT0_
                0x08001018       0x54 bn_audio_manager.bn_noflto.o
                0x08001018                void _bn::assert::show_args<char [14], int>(char const*, char const*, char const*, int, char const (&) [14], int const&)
 .text._ZN3_bn6assert9show_argsIA26_ciEEvPKcS4_S4_iRKT_RKT0_
                0x0800106c       0x54 bn_audio_manager.bn_noflto.o
                0x0800106c                void _bn::assert::show_args<char [26], int>(char const*, char const*, char const*, int, char const (&) [26], int const&)
 .text._ZN3_bn6assert9show_argsIA33_cEEvPKcS4_S4_iRKT_
                0x080010c0       0x48 bn_audio_manager.bn_noflto.o
                0x080010c0                void _bn::assert::show_args<char [33]>(char const*, char const*, char const*, int, char const (&) [33])
 .text._ZN3_bn6assert9show_argsIA25_cEEvPKcS4_S4_iRKT_
                0x08001108       0x48 bn_audio_manager.bn_noflto.o
                0x08001108                void _bn::assert::show_args<char [25]>(char const*, char const*, char const*, int, char const (&) [25])
 .text._ZN3_bn6assert9show_argsIA20_cEEvPKcS4_S4_iRKT_
                0x08001150       0x48 bn_audio_manager.bn_noflto.o
                0x08001150                void _bn::assert::show_args<char [20]>(char const*, char const*, char const*, int, char const (&) [20])
 .text._ZN3_bn6assert9show_argsIA26_cEEvPKcS4_S4_iRKT_
                0x08001198       0x48 bn_audio_manager.bn_noflto.o
                0x08001198                void _bn::assert::show_args<char [26]>(char const*, char const*, char const*, int, char const (&) [26])
 .text._ZN3_bn6assert9show_argsIA21_cEEvPKcS4_S4_iRKT_
                0x080011e0       0x48 bn_audio_manager.bn_noflto.o
                0x080011e0                void _bn::assert::show_args<char [21]>(char const*, char const*, char const*, int, char const (&) [21])
 .text._ZN3_bn6assert9show_argsIA22_cEEvPKcS4_S4_iRKT_
                0x08001228       0x48 bn_audio_manager.bn_noflto.o
                0x08001228                void _bn::assert::show_args<char [22]>(char const*, char const*, char const*, int, char const (&) [22])
 .text._ZN3_bn6assert9show_argsIA25_ciEEvPKcS4_S4_iRKT_RKT0_
                0x08001270       0x54 bn_audio_manager.bn_noflto.o
                0x08001270                void _bn::assert::show_args<char [25], int>(char const*, char const*, char const*, int, char const (&) [25], int const&)
 .text._ZN2bn13audio_manager16execute_commandsEv
                0x080012c4      0x788 bn_audio_manager.bn_noflto.o
                0x080012c4                bn::audio_manager::execute_commands()
 .text._ZN3_bn6assert9show_argsIA17_cEEvPKcS4_S4_iRKT_
                0x08001a4c       0x48 bn_audio_manager.bn_noflto.o
                0x08001a4c                void _bn::assert::show_args<char [17]>(char const*, char const*, char const*, int, char const (&) [17])
 .text._ZN2bn18best_fit_allocator4freeEPv
                0x08001a94      0x110 bn_best_fit_allocator.o
                0x08001a94                bn::best_fit_allocator::free(void*)
 .text._ZN3_bn6assert9show_argsIA23_cEEvPKcS4_S4_iRKT_
                0x08001ba4       0x48 bn_best_fit_allocator.o
                0x08001ba4                void _bn::assert::show_args<char [23]>(char const*, char const*, char const*, int, char const (&) [23])
 .text._ZN3_bn6assert9show_argsIA16_ciEEvPKcS4_S4_iRKT_RKT0_
                0x08001bec       0x54 bn_best_fit_allocator.o
                0x08001bec                void _bn::assert::show_args<char [16], int>(char const*, char const*, char const*, int, char const (&) [16], int const&)
 .text._ZN3_bn6assert9show_argsIA14_cEEvPKcS4_S4_iRKT_
                0x08001c40       0x48 bn_best_fit_allocator.o
                0x08001c40                void _bn::assert::show_args<char [14]>(char const*, char const*, char const*, int, char const (&) [14])
 .text._ZN2bn18best_fit_allocator5resetEPvi
                0x08001c88       0xd4 bn_best_fit_allocator.o
                0x08001c88                bn::best_fit_allocator::reset(void*, int)
 .text._ZN2bn17bg_blocks_manager12_GLOBAL__N_1L17_hw_commit_offsetEPKtjtPt
                0x08001d5c       0x74 bn_bg_blocks_manager.o
 .text._ZN2bn13ostringstream11append_argsIiJA4_ctEEEvRKT_DpRKT0_.isra.0
                0x08001dd0       0x24 bn_bg_blocks_manager.o
 .text._ZN2bn13ostringstream11append_argsIiJA4_ciEEEvRKT_DpRKT0_.isra.0
                0x08001df4       0x24 bn_bg_blocks_manager.o
 .text._ZNK2bn18regular_bg_map_ptr2idEv
                0x08001e18       0x18 bn_bg_blocks_manager.o
                0x08001e18                bn::regular_bg_map_ptr::id() const
 .text._ZNK2bn18regular_bg_map_ptr10dimensionsEv
                0x08001e30       0x20 bn_bg_blocks_manager.o
                0x08001e30                bn::regular_bg_map_ptr::dimensions() const
 .text._ZNK2bn18regular_bg_map_ptr3bigEv
                0x08001e50       0x18 bn_bg_blocks_manager.o
                0x08001e50                bn::regular_bg_map_ptr::big() const
 .text._ZNK2bn20regular_bg_tiles_ptr3cbbEv
                0x08001e68       0x18 bn_bg_blocks_manager.o
                0x08001e68                bn::regular_bg_tiles_ptr::cbb() const
 .text._ZNK2bn17affine_bg_map_ptr2idEv
                0x08001e80       0x18 bn_bg_blocks_manager.o
                0x08001e80                bn::affine_bg_map_ptr::id() const
 .text._ZNK2bn17affine_bg_map_ptr10dimensionsEv
                0x08001e98       0x20 bn_bg_blocks_manager.o
                0x08001e98                bn::affine_bg_map_ptr::dimensions() const
 .text._ZNK2bn19affine_bg_tiles_ptr3cbbEv
                0x08001eb8       0x18 bn_bg_blocks_manager.o
                0x08001eb8                bn::affine_bg_tiles_ptr::cbb() const
 .text._ZN2bn17bg_blocks_manager10log_statusEv
                0x08001ed0      0x450 bn_bg_blocks_manager.o
                0x08001ed0                bn::bg_blocks_manager::log_status()
 .text._ZN2bn17bg_blocks_manager15decrease_usagesEi
                0x08002320       0x98 bn_bg_blocks_manager.o
                0x08002320                bn::bg_blocks_manager::decrease_usages(int)
 .text._ZN2bn18regular_bg_map_ptrD2Ev
                0x080023b8       0x18 bn_bg_blocks_manager.o
                0x080023b8                bn::regular_bg_map_ptr::~regular_bg_map_ptr()
                0x080023b8                bn::regular_bg_map_ptr::~regular_bg_map_ptr()
 .text._ZN2bn17bg_blocks_manager12_GLOBAL__N_110items_list12insert_afterEiRKNS1_9item_typeE.constprop.0
                0x080023d0      0x268 bn_bg_blocks_manager.o
 .text._ZN2bn17bg_blocks_manager4initEv
                0x08002638       0x90 bn_bg_blocks_manager.o
                0x08002638                bn::bg_blocks_manager::init()
 .text._ZN2bn17bg_blocks_manager11must_commitEi
                0x080026c8       0x18 bn_bg_blocks_manager.o
                0x080026c8                bn::bg_blocks_manager::must_commit(int)
 .text._ZN2bn17bg_blocks_manager6updateEv
                0x080026e0      0x260 bn_bg_blocks_manager.o
                0x080026e0                bn::bg_blocks_manager::update()
 .text._ZN3_bn6assert9show_argsIA15_ciEEvPKcS4_S4_iRKT_RKT0_
                0x08002940       0x54 bn_bg_blocks_manager.o
                0x08002940                void _bn::assert::show_args<char [15], int>(char const*, char const*, char const*, int, char const (&) [15], int const&)
 .text._ZN3_bn6assert9show_argsIA52_ctEEvPKcS4_S4_iRKT_RKT0_
                0x08002994       0x54 bn_bg_blocks_manager.o
                0x08002994                void _bn::assert::show_args<char [52], unsigned short>(char const*, char const*, char const*, int, char const (&) [52], unsigned short const&)
 .text._ZN3_bn6assert9show_argsIJA20_ciA4_ctEEEvPKcS5_S5_iDpRKT_
                0x080029e8       0x58 bn_bg_blocks_manager.o
                0x080029e8                void _bn::assert::show_args<char [20], int, char [4], unsigned short>(char const*, char const*, char const*, int, char const (&) [20], int const&, char const (&) [4], unsigned short const&)
 .text._ZN3_bn6assert9show_argsIJA22_ciA4_ciEEEvPKcS5_S5_iDpRKT_
                0x08002a40       0x58 bn_bg_blocks_manager.o
                0x08002a40                void _bn::assert::show_args<char [22], int, char [4], int>(char const*, char const*, char const*, int, char const (&) [22], int const&, char const (&) [4], int const&)
 .text._ZN3_bn6assert9show_argsIJA58_ciA4_ciEEEvPKcS5_S5_iDpRKT_
                0x08002a98       0x58 bn_bg_blocks_manager.o
                0x08002a98                void _bn::assert::show_args<char [58], int, char [4], int>(char const*, char const*, char const*, int, char const (&) [58], int const&, char const (&) [4], int const&)
 .text._ZN3_bn6assert9show_argsIA38_cEEvPKcS4_S4_iRKT_
                0x08002af0       0x48 bn_bg_blocks_manager.o
                0x08002af0                void _bn::assert::show_args<char [38]>(char const*, char const*, char const*, int, char const (&) [38])
 .text._ZN3_bn6assert9show_argsIA27_ciEEvPKcS4_S4_iRKT_RKT0_
                0x08002b38       0x54 bn_bg_blocks_manager.o
                0x08002b38                void _bn::assert::show_args<char [27], int>(char const*, char const*, char const*, int, char const (&) [27], int const&)
 .text._ZN2bn17bg_blocks_manager12_GLOBAL__N_1L10_hw_commitEPKtNS_16compression_typeEibPt
                0x08002b8c       0x68 bn_bg_blocks_manager.o
 .text._ZN3_bn6assert9show_argsIA22_ciEEvPKcS4_S4_iRKT_RKT0_
                0x08002bf4       0x54 bn_bg_blocks_manager.o
                0x08002bf4                void _bn::assert::show_args<char [22], int>(char const*, char const*, char const*, int, char const (&) [22], int const&)
 .text._ZN3_bn6assert9show_argsIA19_cEEvPKcS4_S4_iRKT_
                0x08002c48       0x48 bn_bg_blocks_manager.o
                0x08002c48                void _bn::assert::show_args<char [19]>(char const*, char const*, char const*, int, char const (&) [19])
 .text._ZN2bn17bg_blocks_manager12_GLOBAL__N_1L16_find_tiles_implEPKtNS_16compression_typeEib
                0x08002c90       0xf4 bn_bg_blocks_manager.o
 .text._ZN2bn17bg_blocks_manager12_GLOBAL__N_1L17_fix_blocks_countERKNS1_9item_typeEi
                0x08002d84       0x7c bn_bg_blocks_manager.o
 .text._ZN3_bn6assert9show_argsIJA32_cA15_cPKtA16_ciA17_ciA34_cN2bn11string_viewEEEEvPKcSC_SC_iDpRKT_
                0x08002e00       0x90 bn_bg_blocks_manager.o
                0x08002e00                void _bn::assert::show_args<char [32], char [15], unsigned short const*, char [16], int, char [17], int, char [34], bn::string_view>(char const*, char const*, char const*, int, char const (&) [32], char const (&) [15], unsigned short const* const&, char const (&) [16], int const&, char const (&) [17], int const&, char const (&) [34], bn::string_view const&)
 .text._ZN3_bn6assert9show_argsIJA30_cA13_cPKtA14_ciA15_ciA17_ciA34_cN2bn11string_viewEEEEvPKcSD_SD_iDpRKT_
                0x08002e90       0xa0 bn_bg_blocks_manager.o
                0x08002e90                void _bn::assert::show_args<char [30], char [13], unsigned short const*, char [14], int, char [15], int, char [17], int, char [34], bn::string_view>(char const*, char const*, char const*, int, char const (&) [30], char const (&) [13], unsigned short const* const&, char const (&) [14], int const&, char const (&) [15], int const&, char const (&) [17], int const&, char const (&) [34], bn::string_view const&)
 .text._ZN3_bn6assert9show_argsIA31_cEEvPKcS4_S4_iRKT_
                0x08002f30       0x48 bn_bg_blocks_manager.o
                0x08002f30                void _bn::assert::show_args<char [31]>(char const*, char const*, char const*, int, char const (&) [31])
 .text._ZN3_bn6assert9show_argsIJA37_ciA4_ciEEEvPKcS5_S5_iDpRKT_
                0x08002f78       0x58 bn_bg_blocks_manager.o
                0x08002f78                void _bn::assert::show_args<char [37], int, char [4], int>(char const*, char const*, char const*, int, char const (&) [37], int const&, char const (&) [4], int const&)
 .text._ZNK2bn18regular_bg_map_ptr5tilesEv
                0x08002fd0       0x48 bn_bg_blocks_manager.o
                0x08002fd0                bn::regular_bg_map_ptr::tiles() const
 .text._ZNK2bn17affine_bg_map_ptr5tilesEv
                0x08003018       0x48 bn_bg_blocks_manager.o
                0x08003018                bn::affine_bg_map_ptr::tiles() const
 .text._ZNK2bn18regular_bg_map_ptr3bppEv
                0x08003060       0x4c bn_bg_blocks_manager.o
                0x08003060                bn::regular_bg_map_ptr::bpp() const
 .text._ZN2bn17bg_blocks_manager21update_affine_map_rowEiii
                0x080030ac      0x15c bn_bg_blocks_manager.o
                0x080030ac                bn::bg_blocks_manager::update_affine_map_row(int, int, int)
 .text._ZN2bn17bg_blocks_manager28update_affine_map_bottom_rowEiii
                0x08003208       0x30 bn_bg_blocks_manager.o
                0x08003208                bn::bg_blocks_manager::update_affine_map_bottom_row(int, int, int)
 .text._ZN2bn17bg_blocks_manager23set_affine_map_positionEiii
                0x08003238      0x1f0 bn_bg_blocks_manager.o
                0x08003238                bn::bg_blocks_manager::set_affine_map_position(int, int, int)
 .text._ZN2bn17bg_blocks_manager21update_affine_map_colEiii
                0x08003428      0x318 bn_bg_blocks_manager.o
                0x08003428                bn::bg_blocks_manager::update_affine_map_col(int, int, int)
 .text._ZN2bn17bg_blocks_manager27update_affine_map_right_colEiii
                0x08003740       0x30 bn_bg_blocks_manager.o
                0x08003740                bn::bg_blocks_manager::update_affine_map_right_col(int, int, int)
 .text._ZN2bn17bg_blocks_manager22update_regular_map_rowEiii
                0x08003770      0x19c bn_bg_blocks_manager.o
                0x08003770                bn::bg_blocks_manager::update_regular_map_row(int, int, int)
 .text._ZN2bn17bg_blocks_manager22update_regular_map_colEiii
                0x0800390c      0x1f0 bn_bg_blocks_manager.o
                0x0800390c                bn::bg_blocks_manager::update_regular_map_col(int, int, int)
 .text._ZN2bn17bg_blocks_manager24set_regular_map_positionEiii
                0x08003afc      0x210 bn_bg_blocks_manager.o
                0x08003afc                bn::bg_blocks_manager::set_regular_map_position(int, int, int)
 .text._ZN2bn17bg_blocks_manager33set_regular_map_tiles_and_paletteEiONS_20regular_bg_tiles_ptrEONS_14bg_palette_ptrE
                0x08003d0c      0x2b4 bn_bg_blocks_manager.o
                0x08003d0c                bn::bg_blocks_manager::set_regular_map_tiles_and_palette(int, bn::regular_bg_tiles_ptr&&, bn::bg_palette_ptr&&)
 .text._ZN2bn17bg_blocks_manager21set_regular_map_tilesEiONS_20regular_bg_tiles_ptrE
                0x08003fc0      0x248 bn_bg_blocks_manager.o
                0x08003fc0                bn::bg_blocks_manager::set_regular_map_tiles(int, bn::regular_bg_tiles_ptr&&)
 .text._ZN2bn17bg_blocks_manager23set_regular_map_paletteEiONS_14bg_palette_ptrE
                0x08004208      0x210 bn_bg_blocks_manager.o
                0x08004208                bn::bg_blocks_manager::set_regular_map_palette(int, bn::bg_palette_ptr&&)
 .text._ZN2bn17bg_blocks_manager12_GLOBAL__N_1L22_find_regular_map_implERKNS_19regular_bg_map_itemEPKtRKNS_20regular_bg_tiles_ptrERKNS_14bg_palette_ptrE
                0x08004418      0x2d0 bn_bg_blocks_manager.o
 .text._ZN2bn17bg_blocks_manager12_GLOBAL__N_1L12_commit_itemERKNS1_9item_typeEb
                0x080046e8      0x1d8 bn_bg_blocks_manager.o
 .text._ZN2bn17bg_blocks_manager19commit_uncompressedEb
                0x080048c0       0x54 bn_bg_blocks_manager.o
                0x080048c0                bn::bg_blocks_manager::commit_uncompressed(bool)
 .text._ZN2bn17bg_blocks_manager17commit_compressedEv
                0x08004914       0x48 bn_bg_blocks_manager.o
                0x08004914                bn::bg_blocks_manager::commit_compressed()
 .text._ZN2bn17bg_blocks_manager12_GLOBAL__N_1L12_create_itemEiibONS1_11create_dataE
                0x0800495c      0x4f8 bn_bg_blocks_manager.o
 .text._ZN2bn17bg_blocks_manager12_GLOBAL__N_1L12_create_implEONS1_11create_dataE
                0x08004e54      0x214 bn_bg_blocks_manager.o
 .text._ZN2bn17bg_blocks_manager20create_regular_tilesERKNS_21regular_bg_tiles_itemEb
                0x08005068      0x13c bn_bg_blocks_manager.o
                0x08005068                bn::bg_blocks_manager::create_regular_tiles(bn::regular_bg_tiles_item const&, bool)
 .text._ZN2bn17bg_blocks_manager18create_regular_mapERKNS_19regular_bg_map_itemEPKtONS_20regular_bg_tiles_ptrEONS_14bg_palette_ptrEb
                0x080051a4      0x26c bn_bg_blocks_manager.o
                0x080051a4                bn::bg_blocks_manager::create_regular_map(bn::regular_bg_map_item const&, unsigned short const*, bn::regular_bg_tiles_ptr&&, bn::bg_palette_ptr&&, bool)
 .text._ZN2bn18regular_bg_map_ptr6createERKNS_15regular_bg_itemEi
                0x08005410       0xd8 bn_bg_blocks_manager.o
                0x08005410                bn::regular_bg_map_ptr::create(bn::regular_bg_item const&, int)
 .text._ZN3_bn6assert9show_argsIA39_ciEEvPKcS4_S4_iRKT_RKT0_
                0x080054e8       0x54 bn_bg_blocks_manager.o
                0x080054e8                void _bn::assert::show_args<char [39], int>(char const*, char const*, char const*, int, char const (&) [39], int const&)
 .text._ZN2bn11bgs_manager12_GLOBAL__N_1L29_check_unique_regular_big_mapERNS1_9item_typeE
                0x0800553c       0x6c bn_bgs_manager.o
 .text._ZN2bn11bgs_manager12_GLOBAL__N_1L33_update_item_hw_affine_attributesERKNS1_9item_typeE
                0x080055a8       0x48 bn_bgs_manager.o
 .text._ZN2bn11bgs_manager4initEv
                0x080055f0       0x8c bn_bgs_manager.o
                0x080055f0                bn::bgs_manager::init()
 .text._ZN2bn11bgs_manager5hw_idEPv
                0x0800567c        0x8 bn_bgs_manager.o
                0x0800567c                bn::bgs_manager::hw_id(void*)
 .text._ZN2bn11bgs_manager11hw_positionEPv
                0x08005684        0x4 bn_bgs_manager.o
                0x08005684                bn::bgs_manager::hw_position(void*)
 .text._ZN2bn11bgs_manager14mat_attributesEPv
                0x08005688        0x4 bn_bgs_manager.o
                0x08005688                bn::bgs_manager::mat_attributes(void*)
 .text._ZN2bn11bgs_manager20update_windows_flagsEPj
                0x0800568c       0x7c bn_bgs_manager.o
                0x0800568c                bn::bgs_manager::update_windows_flags(unsigned int*)
 .text._ZN2bn11bgs_manager14update_camerasEv
                0x08005708      0x134 bn_bgs_manager.o
                0x08005708                bn::bgs_manager::update_cameras()
 .text._ZN2bn11bgs_manager28update_regular_map_tiles_cbbEii
                0x0800583c       0x94 bn_bgs_manager.o
                0x0800583c                bn::bgs_manager::update_regular_map_tiles_cbb(int, int)
 .text._ZN2bn11bgs_manager30update_regular_map_palette_bppEiNS_8bpp_modeE
                0x080058d0       0x98 bn_bgs_manager.o
                0x080058d0                bn::bgs_manager::update_regular_map_palette_bpp(int, bn::bpp_mode)
 .text._ZN2bn11bgs_manager36fill_hblank_effect_regular_positionsEiPKNS_7fixed_tILi12EEEPt
                0x08005968       0x38 bn_bgs_manager.o
                0x08005968                bn::bgs_manager::fill_hblank_effect_regular_positions(int, bn::fixed_t<12> const*, unsigned short*)
 .text._ZN2bn11bgs_manager45fill_hblank_effect_pivot_horizontal_positionsEPvPKNS_7fixed_tILi12EEEPj
                0x080059a0       0x28 bn_bgs_manager.o
                0x080059a0                bn::bgs_manager::fill_hblank_effect_pivot_horizontal_positions(void*, bn::fixed_t<12> const*, unsigned int*)
 .text._ZN2bn11bgs_manager43fill_hblank_effect_pivot_vertical_positionsEPvPKNS_7fixed_tILi12EEEPj
                0x080059c8       0x28 bn_bgs_manager.o
                0x080059c8                bn::bgs_manager::fill_hblank_effect_pivot_vertical_positions(void*, bn::fixed_t<12> const*, unsigned int*)
 .text._ZN2bn11bgs_manager6commitEb
                0x080059f0       0x58 bn_bgs_manager.o
                0x080059f0                bn::bgs_manager::commit(bool)
 .text._ZN2bn11bgs_manager4stopEv
                0x08005a48       0x28 bn_bgs_manager.o
                0x08005a48                bn::bgs_manager::stop()
 .text._ZN3_bn6assert9show_argsIA17_ciEEvPKcS4_S4_iRKT_RKT0_
                0x08005a70       0x54 bn_bgs_manager.o
                0x08005a70                void _bn::assert::show_args<char [17], int>(char const*, char const*, char const*, int, char const (&) [17], int const&)
 .text._ZN3_bn6assert9show_argsIA30_cEEvPKcS4_S4_iRKT_
                0x08005ac4       0x48 bn_bgs_manager.o
                0x08005ac4                void _bn::assert::show_args<char [30]>(char const*, char const*, char const*, int, char const (&) [30])
 .text._ZN2bn18regular_bg_builder11release_mapEv
                0x08005b0c       0x6c bn_bgs_manager.o
                0x08005b0c                bn::regular_bg_builder::release_map()
 .text._ZN2bn11bgs_manager15commit_big_mapsEv
                0x08005b78      0x208 bn_bgs_manager.o
                0x08005b78                bn::bgs_manager::commit_big_maps()
 .text._ZN2bn11bgs_manager12_GLOBAL__N_19item_type18update_regular_mapEv
                0x08005d80      0x1b4 bn_bgs_manager.o
 .text._ZN2bn11bgs_manager10affine_mapEPv
                0x08005f34       0x34 bn_bgs_manager.o
                0x08005f34                bn::bgs_manager::affine_map(void*)
 .text._ZN2bn11bgs_manager11regular_mapEPv
                0x08005f68       0x34 bn_bgs_manager.o
                0x08005f68                bn::bgs_manager::regular_map(void*)
 .text._ZN3_bn6assert9show_argsIA27_cEEvPKcS4_S4_iRKT_
                0x08005f9c       0x48 bn_bgs_manager.o
                0x08005f9c                void _bn::assert::show_args<char [27]>(char const*, char const*, char const*, int, char const (&) [27])
 .text._ZN3_bn6assert9show_argsIA46_cEEvPKcS4_S4_iRKT_
                0x08005fe4       0x48 bn_bgs_manager.o
                0x08005fe4                void _bn::assert::show_args<char [46]>(char const*, char const*, char const*, int, char const (&) [46])
 .text._ZN2bn11bgs_manager37fill_hblank_effect_regular_attributesEPvPKNS_21regular_bg_attributesEPt
                0x0800602c      0x118 bn_bgs_manager.o
                0x0800602c                bn::bgs_manager::fill_hblank_effect_regular_attributes(void*, bn::regular_bg_attributes const*, unsigned short*)
 .text._ZN2bn11bgs_manager36fill_hblank_effect_affine_attributesEPvPKNS_20affine_bg_attributesEPt
                0x08006144      0x10c bn_bgs_manager.o
                0x08006144                bn::bgs_manager::fill_hblank_effect_affine_attributes(void*, bn::affine_bg_attributes const*, unsigned short*)
 .text._ZN2bn11bgs_manager15rebuild_handlesEv.part.0
                0x08006250      0x1a4 bn_bgs_manager.o
 .text._ZN2bn11bgs_manager6updateEv
                0x080063f4      0x158 bn_bgs_manager.o
                0x080063f4                bn::bgs_manager::update()
 .text._ZN2bn11bgs_manager12_GLOBAL__N_1L12_insert_itemERNS1_9item_typeE
                0x0800654c      0x104 bn_bgs_manager.o
 .text._ZN3_bn6assert9show_argsIA13_cEEvPKcS4_S4_iRKT_
                0x08006650       0x48 bn_bgs_manager.o
                0x08006650                void _bn::assert::show_args<char [13]>(char const*, char const*, char const*, int, char const (&) [13])
 .text._ZN2bn11bgs_manager6createEONS_18regular_bg_builderE
                0x08006698      0x1ec bn_bgs_manager.o
                0x08006698                bn::bgs_manager::create(bn::regular_bg_builder&&)
 .text._ZNK2bn15regular_bg_item9create_bgEv
                0x08006884       0x74 bn_bgs_manager.o
                0x08006884                bn::regular_bg_item::create_bg() const
 .text._ZN2bn10camera_ptrD2Ev
                0x080068f8       0x38 bn_cameras_manager.o
                0x080068f8                bn::camera_ptr::~camera_ptr()
                0x080068f8                bn::camera_ptr::~camera_ptr()
 .text._ZNK2bn10camera_ptr8positionEv
                0x08006930       0x14 bn_cameras_manager.o
                0x08006930                bn::camera_ptr::position() const
 .text._ZN2bn15cameras_manager4initEv
                0x08006944       0x24 bn_cameras_manager.o
                0x08006944                bn::cameras_manager::init()
 .text._ZN2bn15cameras_manager6updateEv
                0x08006968       0x28 bn_cameras_manager.o
                0x08006968                bn::cameras_manager::update()
 .text._ZN2bn4core12_GLOBAL__N_1L12_vblank_intrEv
                0x08006990       0x3c bn_core.o
 .text._ZN2bn4core12_GLOBAL__N_1L4stopEb
                0x080069cc       0x60 bn_core.o
 .text._ZN2bn4core12_GLOBAL__N_1L11update_implEv
                0x08006a2c      0x110 bn_core.o
 .text._ZN2bn4core6updateEv
                0x08006b3c       0x78 bn_core.o
                0x08006b3c                bn::core::update()
 .text._ZN2bn4core4initERKNS_8optionalINS_5colorEEERKNS_11string_viewE
                0x08006bb4      0x138 bn_core.o
                0x08006bb4                bn::core::init(bn::optional<bn::color> const&, bn::string_view const&)
 .text._ZN2bn4core4initEv
                0x08006cec       0x20 bn_core.o
                0x08006cec                bn::core::init()
 .text._ZN2bn11string_viewC2EPKc
                0x08006d0c       0x40 bn_core.o
                0x08006d0c                bn::string_view::string_view(char const*)
                0x08006d0c                bn::string_view::string_view(char const*)
 .text._ZN3_bn6assert12_GLOBAL__N_1L10_show_implEPKcS3_S3_iRKN2bn11string_viewE
                0x08006d4c       0x80 bn_core.o
 .text._ZN3_bn6assert4showEPKcS2_S2_iRKN2bn12istring_baseE
                0x08006dcc       0x18 bn_core.o
                0x08006dcc                _bn::assert::show(char const*, char const*, char const*, int, bn::istring_base const&)
 .text._ZN2bn15display_manager12_GLOBAL__N_1L34_update_rect_windows_hw_boundariesEi
                0x08006de4       0x7c bn_display_manager.o
 .text._ZN2bn15display_manager4initEv
                0x08006e60       0x98 bn_display_manager.o
                0x08006e60                bn::display_manager::init()
 .text._ZN2bn15display_manager8set_modeEi
                0x08006ef8       0x1c bn_display_manager.o
                0x08006ef8                bn::display_manager::set_mode(int)
 .text._ZN2bn15display_manager14set_bg_enabledEib
                0x08006f14       0x18 bn_display_manager.o
                0x08006f14                bn::display_manager::set_bg_enabled(int, bool)
 .text._ZN2bn15display_manager15disable_all_bgsEv
                0x08006f2c       0x14 bn_display_manager.o
                0x08006f2c                bn::display_manager::disable_all_bgs()
 .text._ZN2bn15display_manager36fill_mosaic_hblank_effect_attributesEPKNS_17mosaic_attributesEPt
                0x08006f40       0x98 bn_display_manager.o
                0x08006f40                bn::display_manager::fill_mosaic_hblank_effect_attributes(bn::mosaic_attributes const*, unsigned short*)
 .text._ZN2bn15display_manager27set_blending_top_bg_enabledEib
                0x08006fd8       0x20 bn_display_manager.o
                0x08006fd8                bn::display_manager::set_blending_top_bg_enabled(int, bool)
 .text._ZN2bn15display_manager30set_blending_bottom_bg_enabledEib
                0x08006ff8       0x20 bn_display_manager.o
                0x08006ff8                bn::display_manager::set_blending_bottom_bg_enabled(int, bool)
 .text._ZN2bn15display_manager32blending_transparency_top_weightEv
                0x08007018       0x18 bn_display_manager.o
                0x08007018                bn::display_manager::blending_transparency_top_weight()
 .text._ZN2bn15display_manager35blending_transparency_bottom_weightEv
                0x08007030       0x28 bn_display_manager.o
                0x08007030                bn::display_manager::blending_transparency_bottom_weight()
 .text._ZN2bn15display_manager51fill_blending_transparency_hblank_effect_attributesEPKNS_32blending_transparency_attributesEPt
                0x08007058       0x30 bn_display_manager.o
                0x08007058                bn::display_manager::fill_blending_transparency_hblank_effect_attributes(bn::blending_transparency_attributes const*, unsigned short*)
 .text._ZN2bn15display_manager21blending_fade_enabledEv
                0x08007088        0xc bn_display_manager.o
                0x08007088                bn::display_manager::blending_fade_enabled()
 .text._ZN2bn15display_manager39fill_blending_fade_hblank_effect_alphasEPKNS_19blending_fade_alphaEPt
                0x08007094       0x24 bn_display_manager.o
                0x08007094                bn::display_manager::fill_blending_fade_hblank_effect_alphas(bn::blending_fade_alpha const*, unsigned short*)
 .text._ZN2bn15display_manager26update_windows_visible_bgsEv
                0x080070b8       0x14 bn_display_manager.o
                0x080070b8                bn::display_manager::update_windows_visible_bgs()
 .text._ZN2bn15display_manager36rect_window_hw_horizontal_boundariesEi
                0x080070cc       0x18 bn_display_manager.o
                0x080070cc                bn::display_manager::rect_window_hw_horizontal_boundaries(int)
 .text._ZN2bn15display_manager34rect_window_hw_vertical_boundariesEi
                0x080070e4       0x18 bn_display_manager.o
                0x080070e4                bn::display_manager::rect_window_hw_vertical_boundaries(int)
 .text._ZN2bn15display_manager52fill_rect_window_hblank_effect_horizontal_boundariesERKSt4pairIiiEPKS1_INS_7fixed_tILi12EEES6_EPt
                0x080070fc      0x134 bn_display_manager.o
                0x080070fc                bn::display_manager::fill_rect_window_hblank_effect_horizontal_boundaries(std::pair<int, int> const&, std::pair<bn::fixed_t<12>, bn::fixed_t<12> > const*, unsigned short*)
 .text._ZN2bn15display_manager50fill_rect_window_hblank_effect_vertical_boundariesERKSt4pairIiiEPKS1_INS_7fixed_tILi12EEES6_EPt
                0x08007230      0x134 bn_display_manager.o
                0x08007230                bn::display_manager::fill_rect_window_hblank_effect_vertical_boundaries(std::pair<int, int> const&, std::pair<bn::fixed_t<12>, bn::fixed_t<12> > const*, unsigned short*)
 .text._ZN2bn15display_manager36fill_green_swap_hblank_effect_statesEPKbPt
                0x08007364       0x38 bn_display_manager.o
                0x08007364                bn::display_manager::fill_green_swap_hblank_effect_states(bool const*, unsigned short*)
 .text._ZN2bn15display_manager14update_camerasEv
                0x0800739c       0x40 bn_display_manager.o
                0x0800739c                bn::display_manager::update_cameras()
 .text._ZN2bn15display_manager6updateEv
                0x080073dc      0x244 bn_display_manager.o
                0x080073dc                bn::display_manager::update()
 .text._ZN2bn15display_manager6commitEv
                0x08007620      0x130 bn_display_manager.o
                0x08007620                bn::display_manager::commit()
 .text._ZN2bn15display_manager4stopEv
                0x08007750       0x30 bn_display_manager.o
                0x08007750                bn::display_manager::stop()
 .text._ZN3_bn6assert9show_argsIA66_cEEvPKcS4_S4_iRKT_
                0x08007780       0x48 bn_display_manager.o
                0x08007780                void _bn::assert::show_args<char [66]>(char const*, char const*, char const*, int, char const (&) [66])
 .text._ZN2bn12gpio_manager5sleepEv
                0x080077c8       0x28 bn_gpio_manager.o
                0x080077c8                bn::gpio_manager::sleep()
 .text._ZN2bn22hblank_effects_manager12_GLOBAL__N_19item_type18_output_values_ptrEv
                0x080077f0       0x40 bn_hblank_effects_manager.o
 .text._ZN2bn22hblank_effects_manager7disableEv
                0x08007830       0x24 bn_hblank_effects_manager.o
                0x08007830                bn::hblank_effects_manager::disable()
 .text._ZN2bn22hblank_effects_manager4stopEv
                0x08007854       0x38 bn_hblank_effects_manager.o
                0x08007854                bn::hblank_effects_manager::stop()
 .text._ZN2bn22hblank_effects_manager6commitEv
                0x0800788c       0x8c bn_hblank_effects_manager.o
                0x0800788c                bn::hblank_effects_manager::commit()
 .text._ZN2bn22hblank_effects_manager12_GLOBAL__N_1L10_is_uint32ENS0_12handler_typeE
                0x08007918       0x64 bn_hblank_effects_manager.o
 .text._ZN2bn22hblank_effects_manager12_GLOBAL__N_19item_type12check_updateEv
                0x0800797c     0x15d0 bn_hblank_effects_manager.o
 .text._ZN2bn22hblank_effects_manager6updateEv
                0x08008f4c      0x1ec bn_hblank_effects_manager.o
                0x08008f4c                bn::hblank_effects_manager::update()
 .text._ZN2bn22hblank_effects_manager4initEv
                0x08009138      0x180 bn_hblank_effects_manager.o
                0x08009138                bn::hblank_effects_manager::init()
 .text.startup._GLOBAL__sub_I__ZN2bn4hbes10used_countEv
                0x080092b8       0x14 bn_hblank_effects_manager.o
 .text._ZN2bn12hdma_manager4initEv
                0x080092cc       0x38 bn_hdma_manager.o
                0x080092cc                bn::hdma_manager::init()
 .text._ZN2bn12hdma_manager10force_stopEv
                0x08009304       0x5c bn_hdma_manager.o
                0x08009304                bn::hdma_manager::force_stop()
 .text._ZN2bn12hdma_manager7disableEv
                0x08009360       0x48 bn_hdma_manager.o
                0x08009360                bn::hdma_manager::disable()
 .text._ZN2bn12hdma_manager6updateEv
                0x080093a8       0x6c bn_hdma_manager.o
                0x080093a8                bn::hdma_manager::update()
 .text._ZN2bn12hdma_manager24commit_interrupt_handlerEv
                0x08009414       0x20 bn_hdma_manager.o
                0x08009414                bn::hdma_manager::commit_interrupt_handler()
 .text._ZN2bn12hdma_manager14commit_entriesEb
                0x08009434      0x168 bn_hdma_manager.o
                0x08009434                bn::hdma_manager::commit_entries(bool)
 .text._ZN2bn6keypad9a_pressedEv
                0x0800959c       0x10 bn_keypad_manager.o
                0x0800959c                bn::keypad::a_pressed()
 .text._ZN2bn6keypad10right_heldEv
                0x080095ac       0x10 bn_keypad_manager.o
                0x080095ac                bn::keypad::right_held()
 .text._ZN2bn6keypad9left_heldEv
                0x080095bc       0x10 bn_keypad_manager.o
                0x080095bc                bn::keypad::left_held()
 .text._ZN2bn14keypad_manager4stopEv
                0x080095cc        0x4 bn_keypad_manager.o
                0x080095cc                bn::keypad_manager::stop()
 .text._ZN2bn14keypad_manager6updateEv
                0x080095d0       0xb8 bn_keypad_manager.o
                0x080095d0                bn::keypad_manager::update()
 .text._ZN2bn14keypad_manager4initERKNS_11string_viewE
                0x08009688       0x64 bn_keypad_manager.o
                0x08009688                bn::keypad_manager::init(bn::string_view const&)
 .text._ZN2bn12link_manager4initEv
                0x080096ec        0xc bn_link_manager.o
                0x080096ec                bn::link_manager::init()
 .text._ZN2bn12link_manager6activeEv
                0x080096f8        0xc bn_link_manager.o
                0x080096f8                bn::link_manager::active()
 .text._ZN2bn12link_manager7disableEv
                0x08009704       0x18 bn_link_manager.o
                0x08009704                bn::link_manager::disable()
 .text._ZN2bn12link_manager6commitEv
                0x0800971c       0x18 bn_link_manager.o
                0x0800971c                bn::link_manager::commit()
 .text._ZN3_bn6memory18unsafe_clear_wordsEiPv
                0x08009734       0x14 bn_memory_manager.o
                0x08009734                _bn::memory::unsafe_clear_words(int, void*)
 .text._ZN2bn4freeEPv
                0x08009748       0x14 bn_memory_manager.o
                0x08009748                bn::free(void*)
 .text._ZN2bn14memory_manager4initEv
                0x0800975c       0x2c bn_memory_manager.o
                0x0800975c                bn::memory_manager::init()
 .text._ZN2bn2hw8palettes9grayscaleEPKNS_5colorEiiPS2_.part.0
                0x08009788       0x40 bn_palettes_manager.o
 .text._ZN2bn14bg_palette_ptrC2ERKS0_
                0x080097c8       0x28 bn_palettes_manager.o
                0x080097c8                bn::bg_palette_ptr::bg_palette_ptr(bn::bg_palette_ptr const&)
                0x080097c8                bn::bg_palette_ptr::bg_palette_ptr(bn::bg_palette_ptr const&)
 .text._ZNK2bn14bg_palette_ptr3bppEv
                0x080097f0       0x20 bn_palettes_manager.o
                0x080097f0                bn::bg_palette_ptr::bpp() const
 .text._ZNK2bn18sprite_palette_ptr3bppEv
                0x08009810       0x1c bn_palettes_manager.o
                0x08009810                bn::sprite_palette_ptr::bpp() const
 .text._ZNK2bn13palettes_bank10log_statusEv
                0x0800982c      0x178 bn_palettes_manager.o
                0x0800982c                bn::palettes_bank::log_status() const
 .text._ZN2bn13palettes_bank10find_bpp_4ERKNS_4spanIKNS_5colorEEEt
                0x080099a4      0x118 bn_palettes_manager.o
                0x080099a4                bn::palettes_bank::find_bpp_4(bn::span<bn::color const> const&, unsigned short)
 .text._ZNK2bn13palettes_bank20retrieve_commit_dataEv
                0x08009abc       0x4c bn_palettes_manager.o
                0x08009abc                bn::palettes_bank::retrieve_commit_data() const
 .text._ZNK2bn13palettes_bank7palette13apply_effectsEiPNS_5colorE
                0x08009b08       0xb0 bn_palettes_manager.o
                0x08009b08                bn::palettes_bank::palette::apply_effects(int, bn::color*) const
 .text._ZN2bn13palettes_bank15_update_paletteEi
                0x08009bb8       0x70 bn_palettes_manager.o
                0x08009bb8                bn::palettes_bank::_update_palette(int)
 .text._ZN2bn16palettes_manager4initERKNS_8optionalINS_5colorEEE
                0x08009c28      0x16c bn_palettes_manager.o
                0x08009c28                bn::palettes_manager::init(bn::optional<bn::color> const&)
 .text._ZN2bn16palettes_manager20sprite_palettes_bankEv
                0x08009d94        0x8 bn_palettes_manager.o
                0x08009d94                bn::palettes_manager::sprite_palettes_bank()
 .text._ZN2bn16palettes_manager16bg_palettes_bankEv
                0x08009d9c        0x8 bn_palettes_manager.o
                0x08009d9c                bn::palettes_manager::bg_palettes_bank()
 .text._ZN2bn16palettes_manager6commitEb
                0x08009da4       0xf8 bn_palettes_manager.o
                0x08009da4                bn::palettes_manager::commit(bool)
 .text._ZN2bn16palettes_manager4stopEv
                0x08009e9c       0x20 bn_palettes_manager.o
                0x08009e9c                bn::palettes_manager::stop()
 .text._ZN3_bn6assert9show_argsIA35_cEEvPKcS4_S4_iRKT_
                0x08009ebc       0x48 bn_palettes_manager.o
                0x08009ebc                void _bn::assert::show_args<char [35]>(char const*, char const*, char const*, int, char const (&) [35])
 .text._ZN2bn13palettes_bank11colors_hashERKNS_4spanIKNS_5colorEEE
                0x08009f04       0x48 bn_palettes_manager.o
                0x08009f04                bn::palettes_bank::colors_hash(bn::span<bn::color const> const&)
 .text._ZN3_bn6assert9show_argsIJA43_ciA38_cA42_cEEEvPKcS6_S6_iDpRKT_
                0x08009f4c       0x64 bn_palettes_manager.o
                0x08009f4c                void _bn::assert::show_args<char [43], int, char [38], char [42]>(char const*, char const*, char const*, int, char const (&) [43], int const&, char const (&) [38], char const (&) [42])
 .text._ZN2bn13palettes_bank12create_bpp_8ERKNS_4spanIKNS_5colorEEENS_16compression_typeEb
                0x08009fb0      0x230 bn_palettes_manager.o
                0x08009fb0                bn::palettes_bank::create_bpp_8(bn::span<bn::color const> const&, bn::compression_type, bool)
 .text._ZNK2bn13palettes_bank21_apply_global_effectsEiPNS_5colorE
                0x0800a1e0      0x190 bn_palettes_manager.o
                0x0800a1e0                bn::palettes_bank::_apply_global_effects(int, bn::color*) const
 .text._ZN2bn13palettes_bank6updateEv
                0x0800a370      0x138 bn_palettes_manager.o
                0x0800a370                bn::palettes_bank::update()
 .text._ZN2bn16palettes_manager6updateEv
                0x0800a4a8       0x20 bn_palettes_manager.o
                0x0800a4a8                bn::palettes_manager::update()
 .text._ZNK2bn13palettes_bank25fill_hblank_effect_colorsEiPKNS_5colorEPt
                0x0800a4c8       0x44 bn_palettes_manager.o
                0x0800a4c8                bn::palettes_bank::fill_hblank_effect_colors(int, bn::color const*, unsigned short*) const
 .text._ZNK2bn13palettes_bank25fill_hblank_effect_colorsEPKNS_5colorEPt
                0x0800a50c       0x30 bn_palettes_manager.o
                0x0800a50c                bn::palettes_bank::fill_hblank_effect_colors(bn::color const*, unsigned short*) const
 .text._ZNK2bn19sprite_palette_item10decompressENS_4spanINS_5colorEEE
                0x0800a53c      0x168 bn_palettes_manager.o
                0x0800a53c                bn::sprite_palette_item::decompress(bn::span<bn::color>) const
 .text._ZNK2bn15bg_palette_item10decompressENS_4spanINS_5colorEEE
                0x0800a6a4      0x168 bn_palettes_manager.o
                0x0800a6a4                bn::bg_palette_item::decompress(bn::span<bn::color>) const
 .text._ZN2bn14iunordered_mapItsNS_15identity_hasherENS_8equal_toItEEE21insert_or_assign_hashEjOSt4pairIKtsE.isra.0
                0x0800a80c      0x108 bn_palettes_manager.o
 .text._ZN2bn13palettes_bank12create_bpp_4ERKNS_4spanIKNS_5colorEEEtb
                0x0800a914      0x164 bn_palettes_manager.o
                0x0800a914                bn::palettes_bank::create_bpp_4(bn::span<bn::color const> const&, unsigned short, bool)
 .text._ZN2bn12_GLOBAL__N_1L12_create_implERKNS_15bg_palette_itemEb
                0x0800aa78       0xa0 bn_palettes_manager.o
 .text._ZN2bn14bg_palette_ptr6createERKNS_15bg_palette_itemE
                0x0800ab18       0x54 bn_palettes_manager.o
                0x0800ab18                bn::bg_palette_ptr::create(bn::bg_palette_item const&)
 .text._ZN2bn12_GLOBAL__N_1L12_create_implERKNS_19sprite_palette_itemEb
                0x0800ab6c       0x88 bn_palettes_manager.o
 .text._ZN2bn18sprite_palette_ptr6createERKNS_19sprite_palette_itemE
                0x0800abf4       0x48 bn_palettes_manager.o
                0x0800abf4                bn::sprite_palette_ptr::create(bn::sprite_palette_item const&)
 .text._ZN2bn13palettes_bank30_erase_bpp_4_indexes_map_indexEt
                0x0800ac3c      0x1c4 bn_palettes_manager.o
                0x0800ac3c                bn::palettes_bank::_erase_bpp_4_indexes_map_index(unsigned short)
 .text._ZN2bn13palettes_bank15decrease_usagesEi
                0x0800ae00       0x80 bn_palettes_manager.o
                0x0800ae00                bn::palettes_bank::decrease_usages(int)
 .text._ZN2bn14bg_palette_ptraSERKS0_
                0x0800ae80       0x48 bn_palettes_manager.o
                0x0800ae80                bn::bg_palette_ptr::operator=(bn::bg_palette_ptr const&)
 .text._ZN2bn14bg_palette_ptrD2Ev
                0x0800aec8       0x20 bn_palettes_manager.o
                0x0800aec8                bn::bg_palette_ptr::~bg_palette_ptr()
                0x0800aec8                bn::bg_palette_ptr::~bg_palette_ptr()
 .text._ZN2bn18sprite_palette_ptrD2Ev
                0x0800aee8       0x20 bn_palettes_manager.o
                0x0800aee8                bn::sprite_palette_ptr::~sprite_palette_ptr()
                0x0800aee8                bn::sprite_palette_ptr::~sprite_palette_ptr()
 .text._ZN2bn26sprite_affine_mats_manager12_GLOBAL__N_1L19_sprite_double_sizeILi32ELi16EEEbiiiii
                0x0800af08       0x80 bn_sprite_affine_mats_manager.o
 .text._ZN2bn26sprite_affine_mats_manager12_GLOBAL__N_1L19_sprite_double_sizeILi16ELi32EEEbiiiii
                0x0800af88       0x80 bn_sprite_affine_mats_manager.o
 .text._ZNK2bn26sprite_affine_mats_manager12_GLOBAL__N_19item_type18sprite_double_sizeEiRKNS_17sprite_shape_sizeE.isra.0
                0x0800b008      0x1b4 bn_sprite_affine_mats_manager.o
 .text._ZN2bn26sprite_affine_mats_manager12_GLOBAL__N_1L24_update_flipped_identityEi
                0x0800b1bc       0xcc bn_sprite_affine_mats_manager.o
 .text._ZNK2bn21sprite_affine_mat_ptr15horizontal_flipEv
                0x0800b288       0x18 bn_sprite_affine_mats_manager.o
                0x0800b288                bn::sprite_affine_mat_ptr::horizontal_flip() const
 .text._ZNK2bn21sprite_affine_mat_ptr13vertical_flipEv
                0x0800b2a0       0x18 bn_sprite_affine_mats_manager.o
                0x0800b2a0                bn::sprite_affine_mat_ptr::vertical_flip() const
 .text._ZN2bn26sprite_affine_mats_manager13attach_spriteEiRNS_24intrusive_list_node_typeE
                0x0800b2b8       0x2c bn_sprite_affine_mats_manager.o
                0x0800b2b8                bn::sprite_affine_mats_manager::attach_sprite(int, bn::intrusive_list_node_type&)
 .text._ZN2bn26sprite_affine_mats_manager18sprite_double_sizeEiRKNS_17sprite_shape_sizeE
                0x0800b2e4       0x54 bn_sprite_affine_mats_manager.o
                0x0800b2e4                bn::sprite_affine_mats_manager::sprite_double_size(int, bn::sprite_shape_size const&)
 .text._ZN2bn26sprite_affine_mats_manager20retrieve_commit_dataEv
                0x0800b338       0x3c bn_sprite_affine_mats_manager.o
                0x0800b338                bn::sprite_affine_mats_manager::retrieve_commit_data()
 .text._ZN3_bn6assert9show_argsIA37_cEEvPKcS4_S4_iRKT_
                0x0800b374       0x48 bn_sprite_affine_mats_manager.o
                0x0800b374                void _bn::assert::show_args<char [37]>(char const*, char const*, char const*, int, char const (&) [37])
 .text._ZN2bn26sprite_affine_mats_manager9set_scaleEiNS_7fixed_tILi12EEE
                0x0800b3bc      0x14c bn_sprite_affine_mats_manager.o
                0x0800b3bc                bn::sprite_affine_mats_manager::set_scale(int, bn::fixed_t<12>)
 .text._ZN2bn21sprite_affine_mat_ptr9set_scaleENS_7fixed_tILi12EEE
                0x0800b508       0x14 bn_sprite_affine_mats_manager.o
                0x0800b508                bn::sprite_affine_mat_ptr::set_scale(bn::fixed_t<12>)
 .text._ZN3_bn6assert9show_argsIA16_cEEvPKcS4_S4_iRKT_
                0x0800b51c       0x48 bn_sprite_affine_mats_manager.o
                0x0800b51c                void _bn::assert::show_args<char [16]>(char const*, char const*, char const*, int, char const (&) [16])
 .text._ZN2bn26sprite_affine_mats_manager12_GLOBAL__N_1L15_new_item_indexEv
                0x0800b564       0xdc bn_sprite_affine_mats_manager.o
 .text._ZN2bn26sprite_affine_mats_manager15create_optionalERKNS_21affine_mat_attributesE
                0x0800b640       0xdc bn_sprite_affine_mats_manager.o
                0x0800b640                bn::sprite_affine_mats_manager::create_optional(bn::affine_mat_attributes const&)
 .text._ZN2bn21sprite_affine_mat_ptr6createERKNS_21affine_mat_attributesE
                0x0800b71c       0x40 bn_sprite_affine_mats_manager.o
                0x0800b71c                bn::sprite_affine_mat_ptr::create(bn::affine_mat_attributes const&)
 .text._ZN2bn26sprite_affine_mats_manager15decrease_usagesEi.part.0
                0x0800b75c       0x70 bn_sprite_affine_mats_manager.o
 .text._ZN2bn21sprite_affine_mat_ptrD2Ev
                0x0800b7cc       0x34 bn_sprite_affine_mats_manager.o
                0x0800b7cc                bn::sprite_affine_mat_ptr::~sprite_affine_mat_ptr()
                0x0800b7cc                bn::sprite_affine_mat_ptr::~sprite_affine_mat_ptr()
 .text._ZN2bn26sprite_affine_mats_manager6updateEv
                0x0800b800      0x2a4 bn_sprite_affine_mats_manager.o
                0x0800b800                bn::sprite_affine_mats_manager::update()
 .text._ZN2bn26sprite_affine_mats_manager4initEPv
                0x0800baa4      0x100 bn_sprite_affine_mats_manager.o
                0x0800baa4                bn::sprite_affine_mats_manager::init(void*)
 .text._ZN2bn26sprite_affine_mats_manager14dettach_spriteEiRNS_24intrusive_list_node_typeE
                0x0800bba4       0x4c bn_sprite_affine_mats_manager.o
                0x0800bba4                bn::sprite_affine_mats_manager::dettach_sprite(int, bn::intrusive_list_node_type&)
 .text._ZN2bn13ostringstream11append_argsIiJA4_ciEEEvRKT_DpRKT0_.isra.0
                0x0800bbf0       0x24 bn_sprite_animate_actions.o
 .text._ZN2bn22isprite_animate_action9_set_refsERNS_10sprite_ptrERNS_17sprite_tiles_itemERNS_7ivectorItEE
                0x0800bc14        0x4 bn_sprite_animate_actions.o
                0x0800bc14                bn::isprite_animate_action::_set_refs(bn::sprite_ptr&, bn::sprite_tiles_item&, bn::ivector<unsigned short>&)
 .text._ZN2bn22isprite_animate_action7_assignERKS0_
                0x0800bc18       0x10 bn_sprite_animate_actions.o
                0x0800bc18                bn::isprite_animate_action::_assign(bn::isprite_animate_action const&)
 .text._ZN2bn22isprite_animate_action16set_wait_updatesEi
                0x0800bc28       0x68 bn_sprite_animate_actions.o
                0x0800bc28                bn::isprite_animate_action::set_wait_updates(int)
 .text._ZN3_bn6assert9show_argsIJA33_ciA4_ciEEEvPKcS5_S5_iDpRKT_
                0x0800bc90       0x58 bn_sprite_animate_actions.o
                0x0800bc90                void _bn::assert::show_args<char [33], int, char [4], int>(char const*, char const*, char const*, int, char const (&) [33], int const&, char const (&) [4], int const&)
 .text._ZN2bn22isprite_animate_action24_assign_graphics_indexesERKNS_4spanIKtEE
                0x0800bce8       0x94 bn_sprite_animate_actions.o
                0x0800bce8                bn::isprite_animate_action::_assign_graphics_indexes(bn::span<unsigned short const> const&)
 .text._ZN2bn22isprite_animate_action6updateEv
                0x0800bd7c       0xb8 bn_sprite_animate_actions.o
                0x0800bd7c                bn::isprite_animate_action::update()
 .text._ZN3_bn6assert9show_argsIA54_cEEvPKcS4_S4_iRKT_
                0x0800be34       0x48 bn_sprite_text_generator.o
                0x0800be34                void _bn::assert::show_args<char [54]>(char const*, char const*, char const*, int, char const (&) [54])
 .text._ZN3_bn6assert9show_argsIJA25_ciA4_ctEEEvPKcS5_S5_iDpRKT_
                0x0800be7c       0x64 bn_sprite_text_generator.o
                0x0800be7c                void _bn::assert::show_args<char [25], int, char [4], unsigned short>(char const*, char const*, char const*, int, char const (&) [25], int const&, char const (&) [4], unsigned short const&)
 .text._ZNK2bn16sprite_tiles_ptr2idEv
                0x0800bee0       0x18 bn_sprite_tiles_manager.o
                0x0800bee0                bn::sprite_tiles_ptr::id() const
 .text._ZNK2bn16sprite_tiles_ptr11tiles_countEv
                0x0800bef8       0x18 bn_sprite_tiles_manager.o
                0x0800bef8                bn::sprite_tiles_ptr::tiles_count() const
 .text._ZN2bn20sprite_tiles_manager10log_statusEv
                0x0800bf10      0x1ec bn_sprite_tiles_manager.o
                0x0800bf10                bn::sprite_tiles_manager::log_status()
 .text._ZN2bn20sprite_tiles_manager19commit_uncompressedEb
                0x0800c0fc       0xc4 bn_sprite_tiles_manager.o
                0x0800c0fc                bn::sprite_tiles_manager::commit_uncompressed(bool)
 .text._ZN3_bn6assert9show_argsIA27_chEEvPKcS4_S4_iRKT_RKT0_
                0x0800c1c0       0x54 bn_sprite_tiles_manager.o
                0x0800c1c0                void _bn::assert::show_args<char [27], unsigned char>(char const*, char const*, char const*, int, char const (&) [27], unsigned char const&)
 .text._ZN3_bn6assert9show_argsIJA44_cPKN2bn4tileEA4_cS6_EEEvPKcS9_S9_iDpRKT_
                0x0800c214       0x64 bn_sprite_tiles_manager.o
                0x0800c214                void _bn::assert::show_args<char [44], bn::tile const*, char [4], bn::tile const*>(char const*, char const*, char const*, int, char const (&) [44], bn::tile const* const&, char const (&) [4], bn::tile const* const&)
 .text._ZN3_bn6assert9show_argsIJA46_ciA4_cjEEEvPKcS5_S5_iDpRKT_
                0x0800c278       0x64 bn_sprite_tiles_manager.o
                0x0800c278                void _bn::assert::show_args<char [46], int, char [4], unsigned int>(char const*, char const*, char const*, int, char const (&) [46], int const&, char const (&) [4], unsigned int const&)
 .text._ZN2bn20sprite_tiles_manager12_GLOBAL__N_1L10_hw_commitEPKNS_4tileENS_16compression_typeEii
                0x0800c2dc       0x8c bn_sprite_tiles_manager.o
 .text._ZN2bn20sprite_tiles_manager17commit_compressedEv
                0x0800c368       0x5c bn_sprite_tiles_manager.o
                0x0800c368                bn::sprite_tiles_manager::commit_compressed()
 .text._ZN3_bn6assert9show_argsIJA28_cA15_cPKN2bn4tileEA16_ciA34_cNS4_11string_viewEEEEvPKcSC_SC_iDpRKT_
                0x0800c3c4       0x7c bn_sprite_tiles_manager.o
                0x0800c3c4                void _bn::assert::show_args<char [28], char [15], bn::tile const*, char [16], int, char [34], bn::string_view>(char const*, char const*, char const*, int, char const (&) [28], char const (&) [15], bn::tile const* const&, char const (&) [16], int const&, char const (&) [34], bn::string_view const&)
 .text._ZN2bn20sprite_tiles_manager4initEv
                0x0800c440      0x188 bn_sprite_tiles_manager.o
                0x0800c440                bn::sprite_tiles_manager::init()
 .text._ZN2bn20sprite_tiles_manager12_GLOBAL__N_1L22_insert_to_commit_itemEiRNS1_9item_typeE.part.0
                0x0800c5c8       0x64 bn_sprite_tiles_manager.o
 .text._ZN2bn20sprite_tiles_manager12_GLOBAL__N_1L17_insert_free_itemEiPt
                0x0800c62c       0xcc bn_sprite_tiles_manager.o
 .text._ZN2bn20sprite_tiles_manager12_GLOBAL__N_1L16_erase_free_itemEi
                0x0800c6f8       0xe8 bn_sprite_tiles_manager.o
 .text._ZN2bn20sprite_tiles_manager12_GLOBAL__N_1L21_erase_to_commit_itemEiRNS1_9item_typeE.part.0
                0x0800c7e0       0xac bn_sprite_tiles_manager.o
 .text._ZN2bn20sprite_tiles_manager15decrease_usagesEi
                0x0800c88c      0x138 bn_sprite_tiles_manager.o
                0x0800c88c                bn::sprite_tiles_manager::decrease_usages(int)
 .text._ZN2bn16sprite_tiles_ptrD2Ev
                0x0800c9c4       0x18 bn_sprite_tiles_manager.o
                0x0800c9c4                bn::sprite_tiles_ptr::~sprite_tiles_ptr()
                0x0800c9c4                bn::sprite_tiles_ptr::~sprite_tiles_ptr()
 .text._ZN2bn20sprite_tiles_manager12_GLOBAL__N_1L10_find_implEPKNS_4tileENS_16compression_typeEi
                0x0800c9dc      0x288 bn_sprite_tiles_manager.o
 .text._ZNK2bn17sprite_tiles_item10find_tilesEi
                0x0800cc64       0xcc bn_sprite_tiles_manager.o
                0x0800cc64                bn::sprite_tiles_item::find_tiles(int) const
 .text._ZN2bn20sprite_tiles_manager12_GLOBAL__N_1L21_erase_items_map_itemEPKNS_4tileE
                0x0800cd30      0x1fc bn_sprite_tiles_manager.o
 .text._ZN2bn20sprite_tiles_manager12_GLOBAL__N_1L12_create_itemEiPKNS_4tileENS_16compression_typeEib
                0x0800cf2c      0x1d0 bn_sprite_tiles_manager.o
 .text._ZN2bn20sprite_tiles_manager6updateEv
                0x0800d0fc      0x1a8 bn_sprite_tiles_manager.o
                0x0800d0fc                bn::sprite_tiles_manager::update()
 .text._ZN2bn20sprite_tiles_manager12_GLOBAL__N_1L12_create_implEPKNS_4tileENS_16compression_typeEi
                0x0800d2a4      0x208 bn_sprite_tiles_manager.o
 .text._ZN2bn20sprite_tiles_manager12_GLOBAL__N_1L22_insert_items_map_itemEPKNS_4tileEi
                0x0800d4ac       0xc0 bn_sprite_tiles_manager.o
 .text._ZN2bn20sprite_tiles_manager6createERKNS_4spanIKNS_4tileEEENS_16compression_typeE
                0x0800d56c       0x94 bn_sprite_tiles_manager.o
                0x0800d56c                bn::sprite_tiles_manager::create(bn::span<bn::tile const> const&, bn::compression_type)
 .text._ZN2bn16sprite_tiles_ptr6createERKNS_17sprite_tiles_itemE
                0x0800d600       0x84 bn_sprite_tiles_manager.o
                0x0800d600                bn::sprite_tiles_ptr::create(bn::sprite_tiles_item const&)
 .text._ZN2bn16sprite_tiles_ptr6createERKNS_17sprite_tiles_itemEi
                0x0800d684       0xc0 bn_sprite_tiles_manager.o
                0x0800d684                bn::sprite_tiles_ptr::create(bn::sprite_tiles_item const&, int)
 .text._ZNK2bn17sprite_tiles_item12create_tilesEi
                0x0800d744       0xc0 bn_sprite_tiles_manager.o
                0x0800d744                bn::sprite_tiles_item::create_tiles(int) const
 .text._ZN2bn15sprites_manager12_GLOBAL__N_1L32_always_update_indexes_to_commitERKNS_20sprites_manager_itemE
                0x0800d804       0x4c bn_sprites_manager.o
 .text._ZN2bn13ostringstream11append_argsIiJA4_ciEEEvRKT_DpRKT0_.isra.0
                0x0800d850       0x24 bn_sprites_manager.o
 .text._ZN2bn15sprites_manager12_GLOBAL__N_1L23_update_item_dimensionsERNS_20sprites_manager_itemE
                0x0800d874       0xc0 bn_sprites_manager.o
 .text._ZN2bn10sprite_ptrC2ERKS0_
                0x0800d934        0xc bn_sprites_manager.o
                0x0800d934                bn::sprite_ptr::sprite_ptr(bn::sprite_ptr const&)
                0x0800d934                bn::sprite_ptr::sprite_ptr(bn::sprite_ptr const&)
 .text._ZNK2bn10sprite_ptr1yEv
                0x0800d940        0x8 bn_sprites_manager.o
                0x0800d940                bn::sprite_ptr::y() const
 .text._ZN2bn10sprite_ptr5set_yENS_7fixed_tILi12EEE
                0x0800d948       0x48 bn_sprites_manager.o
                0x0800d948                bn::sprite_ptr::set_y(bn::fixed_t<12>)
 .text._ZN2bn10sprite_ptr12set_positionERKNS_13fixed_point_tILi12EEE
                0x0800d990       0x80 bn_sprites_manager.o
                0x0800d990                bn::sprite_ptr::set_position(bn::fixed_point_t<12> const&)
 .text._ZN2bn15sprites_manager4initEv
                0x0800da10       0xcc bn_sprites_manager.o
                0x0800da10                bn::sprites_manager::init()
 .text._ZN2bn15sprites_manager5hw_idEPv
                0x0800dadc        0x8 bn_sprites_manager.o
                0x0800dadc                bn::sprites_manager::hw_id(void*)
 .text._ZN2bn15sprites_manager5shapeEPv
                0x0800dae4        0x8 bn_sprites_manager.o
                0x0800dae4                bn::sprites_manager::shape(void*)
 .text._ZN2bn15sprites_manager4sizeEPv
                0x0800daec        0x8 bn_sprites_manager.o
                0x0800daec                bn::sprites_manager::size(void*)
 .text._ZN2bn15sprites_manager10shape_sizeEPv
                0x0800daf4       0x14 bn_sprites_manager.o
                0x0800daf4                bn::sprites_manager::shape_size(void*)
 .text._ZN2bn15sprites_manager11hw_positionEPv
                0x0800db08        0x4 bn_sprites_manager.o
                0x0800db08                bn::sprites_manager::hw_position(void*)
 .text._ZN2bn15sprites_manager9view_modeEPv
                0x0800db0c        0xc bn_sprites_manager.o
                0x0800db0c                bn::sprites_manager::view_mode(void*)
 .text._ZN2bn15sprites_manager10affine_matEPv
                0x0800db18        0x4 bn_sprites_manager.o
                0x0800db18                bn::sprites_manager::affine_mat(void*)
 .text._ZN2bn15sprites_manager22reserved_handles_countEv
                0x0800db1c       0x10 bn_sprites_manager.o
                0x0800db1c                bn::sprites_manager::reserved_handles_count()
 .text._ZN2bn15sprites_manager39fill_hblank_effect_horizontal_positionsEPviPKNS_7fixed_tILi12EEEPt
                0x0800db2c       0x4c bn_sprites_manager.o
                0x0800db2c                bn::sprites_manager::fill_hblank_effect_horizontal_positions(void*, int, bn::fixed_t<12> const*, unsigned short*)
 .text._ZN2bn15sprites_manager37fill_hblank_effect_vertical_positionsEPviPKNS_7fixed_tILi12EEEPt
                0x0800db78       0x4c bn_sprites_manager.o
                0x0800db78                bn::sprites_manager::fill_hblank_effect_vertical_positions(void*, int, bn::fixed_t<12> const*, unsigned short*)
 .text._ZN2bn15sprites_manager35fill_hblank_effect_first_attributesEiNS_12sprite_shapeENS_8bpp_modeEiPKNS_23sprite_first_attributesEPt
                0x0800dbc4       0xd4 bn_sprites_manager.o
                0x0800dbc4                bn::sprites_manager::fill_hblank_effect_first_attributes(int, bn::sprite_shape, bn::bpp_mode, int, bn::sprite_first_attributes const*, unsigned short*)
 .text._ZN2bn15sprites_manager44fill_hblank_effect_regular_second_attributesEPviNS_11sprite_sizeEPKNS_32sprite_regular_second_attributesEPt
                0x0800dc98       0x60 bn_sprites_manager.o
                0x0800dc98                bn::sprites_manager::fill_hblank_effect_regular_second_attributes(void*, int, bn::sprite_size, bn::sprite_regular_second_attributes const*, unsigned short*)
 .text._ZN2bn15sprites_manager43fill_hblank_effect_affine_second_attributesEPviNS_11sprite_sizeEPKNS_31sprite_affine_second_attributesEPt
                0x0800dcf8       0x58 bn_sprites_manager.o
                0x0800dcf8                bn::sprites_manager::fill_hblank_effect_affine_second_attributes(void*, int, bn::sprite_size, bn::sprite_affine_second_attributes const*, unsigned short*)
 .text._ZN2bn15sprites_manager14update_camerasEv
                0x0800dd50       0x20 bn_sprites_manager.o
                0x0800dd50                bn::sprites_manager::update_cameras()
 .text._ZN2bn15sprites_manager23update_auto_double_sizeEPv
                0x0800dd70       0x2c bn_sprites_manager.o
                0x0800dd70                bn::sprites_manager::update_auto_double_size(void*)
 .text._ZN2bn15sprites_manager6commitEb
                0x0800dd9c       0xa4 bn_sprites_manager.o
                0x0800dd9c                bn::sprites_manager::commit(bool)
 .text._ZNK2bn10sprite_ptr10dimensionsEv
                0x0800de40       0x68 bn_sprites_manager.o
                0x0800de40                bn::sprite_ptr::dimensions() const
 .text._ZNK2bn17sprite_shape_size6heightEv.isra.0
                0x0800dea8       0xd0 bn_sprites_manager.o
 .text._ZNK2bn17sprite_shape_size5widthEv.isra.0
                0x0800df78       0xcc bn_sprites_manager.o
 .text._ZN2bn15sprites_manager12_GLOBAL__N_1L18_remove_affine_matERNS_20sprites_manager_itemE
                0x0800e044       0xe4 bn_sprites_manager.o
 .text._ZN2bn15sprites_manager42remove_identity_affine_mat_when_not_neededEPv
                0x0800e128        0xc bn_sprites_manager.o
                0x0800e128                bn::sprites_manager::remove_identity_affine_mat_when_not_needed(void*)
 .text._ZN2bn15sprites_manager7paletteEPv
                0x0800e134       0x34 bn_sprites_manager.o
                0x0800e134                bn::sprites_manager::palette(void*)
 .text._ZNK2bn20sprites_manager_item15new_double_sizeEi.part.0
                0x0800e168       0x30 bn_sprites_manager.o
 .text._ZN2bn15sprites_manager12_GLOBAL__N_1L18_assign_affine_matEbRNS_20sprites_manager_itemEONS_21sprite_affine_mat_ptrE
                0x0800e198      0x118 bn_sprites_manager.o
 .text._ZN2bn15sprites_manager18set_new_affine_matEPvRNS_21affine_mat_attributesE
                0x0800e2b0       0x84 bn_sprites_manager.o
                0x0800e2b0                bn::sprites_manager::set_new_affine_mat(void*, bn::affine_mat_attributes&)
 .text._ZN2bn15sprites_manager9set_tilesEPvONS_16sprite_tiles_ptrE
                0x0800e334      0x24c bn_sprites_manager.o
                0x0800e334                bn::sprites_manager::set_tiles(void*, bn::sprite_tiles_ptr&&)
 .text._ZN2bn10sprite_ptr9set_tilesEONS_16sprite_tiles_ptrE
                0x0800e580       0x10 bn_sprites_manager.o
                0x0800e580                bn::sprite_ptr::set_tiles(bn::sprite_tiles_ptr&&)
 .text._ZN2bn10sprite_ptr9set_tilesERKNS_17sprite_tiles_itemEi
                0x0800e590       0x7c bn_sprites_manager.o
                0x0800e590                bn::sprite_ptr::set_tiles(bn::sprite_tiles_item const&, int)
 .text._ZN2bn15sprites_manager6updateEv
                0x0800e60c      0x140 bn_sprites_manager.o
                0x0800e60c                bn::sprites_manager::update()
 .text._ZN3_bn6assert9show_argsIJA27_ciA4_ciEEEvPKcS5_S5_iDpRKT_
                0x0800e74c       0x58 bn_sprites_manager.o
                0x0800e74c                void _bn::assert::show_args<char [27], int, char [4], int>(char const*, char const*, char const*, int, char const (&) [27], int const&, char const (&) [4], int const&)
 .text._ZN2bn15sprites_manager35fill_hblank_effect_third_attributesENS_17sprite_shape_sizeEPKNS_23sprite_third_attributesEPt
                0x0800e7a4      0x2f0 bn_sprites_manager.o
                0x0800e7a4                bn::sprites_manager::fill_hblank_effect_third_attributes(bn::sprite_shape_size, bn::sprite_third_attributes const*, unsigned short*)
 .text._ZN2bn14sorted_sprites6sorter6insertERNS_20sprites_manager_itemE
                0x0800ea94      0x170 bn_sprites_manager.o
                0x0800ea94                bn::sorted_sprites::sorter::insert(bn::sprites_manager_item&)
 .text._ZN2bn15sprites_manager6createERKNS_13fixed_point_tILi12EEERKNS_17sprite_shape_sizeEONS_16sprite_tiles_ptrEONS_18sprite_palette_ptrE
                0x0800ec04      0x1d0 bn_sprites_manager.o
                0x0800ec04                bn::sprites_manager::create(bn::fixed_point_t<12> const&, bn::sprite_shape_size const&, bn::sprite_tiles_ptr&&, bn::sprite_palette_ptr&&)
 .text._ZNK2bn11sprite_item13create_spriteERKNS_13fixed_point_tILi12EEE
                0x0800edd4       0x40 bn_sprites_manager.o
                0x0800edd4                bn::sprite_item::create_sprite(bn::fixed_point_t<12> const&) const
 .text._ZNK2bn11sprite_item13create_spriteENS_7fixed_tILi12EEES2_
                0x0800ee14       0x44 bn_sprites_manager.o
                0x0800ee14                bn::sprite_item::create_sprite(bn::fixed_t<12>, bn::fixed_t<12>) const
 .text._ZN2bn15sprites_manager15decrease_usagesEPv
                0x0800ee58      0x17c bn_sprites_manager.o
                0x0800ee58                bn::sprites_manager::decrease_usages(void*)
 .text._ZN2bn10sprite_ptrD2Ev
                0x0800efd4       0x18 bn_sprites_manager.o
                0x0800efd4                bn::sprite_ptr::~sprite_ptr()
                0x0800efd4                bn::sprite_ptr::~sprite_ptr()
 .text._ZN2bn10sprite_ptr9set_scaleENS_7fixed_tILi12EEE
                0x0800efec       0xbc bn_sprites_manager.o
                0x0800efec                bn::sprite_ptr::set_scale(bn::fixed_t<12>)
 .text._ZN2bn13ostringstreamC2ERNS_12istring_baseE
                0x0800f0a8        0x8 bn_sstream.o
                0x0800f0a8                bn::ostringstream::ostringstream(bn::istring_base&)
                0x0800f0a8                bn::ostringstream::ostringstream(bn::istring_base&)
 .text._ZNK2bn13ostringstream4sizeEv
                0x0800f0b0        0x8 bn_sstream.o
                0x0800f0b0                bn::ostringstream::size() const
 .text._ZN2bn13ostringstream6appendEPKc
                0x0800f0b8       0xac bn_sstream.o
                0x0800f0b8                bn::ostringstream::append(char const*)
 .text._ZN2bn13ostringstream6appendEi
                0x0800f164       0xb0 bn_sstream.o
                0x0800f164                bn::ostringstream::append(int)
 .text._ZN2bn13ostringstream6appendERKNS_11string_viewE
                0x0800f214       0xbc bn_sstream.o
                0x0800f214                bn::ostringstream::append(bn::string_view const&)
 .text._ZN2bn13ostringstream6appendEj
                0x0800f2d0       0xb0 bn_sstream.o
                0x0800f2d0                bn::ostringstream::append(unsigned int)
 .text._ZN2bn13ostringstream6appendEPKv
                0x0800f380       0xec bn_sstream.o
                0x0800f380                bn::ostringstream::append(void const*)
 .text._ZN2bn13ostringstream16_append_fractionEji
                0x0800f46c      0x120 bn_sstream.o
                0x0800f46c                bn::ostringstream::_append_fraction(unsigned int, int)
 .text._ZN2bn13ostringstream6appendEc
                0x0800f58c       0x48 bn_sstream.o
                0x0800f58c                bn::ostringstream::append(char)
 .text._ZN2bn18igeneric_pool_baseC2EPci
                0x0800f5d4       0x10 bn_translation_unit.o
                0x0800f5d4                bn::igeneric_pool_base::igeneric_pool_base(char*, int)
                0x0800f5d4                bn::igeneric_pool_base::igeneric_pool_base(char*, int)
 .text._ZN2bn18igeneric_pool_base5_freeEPc
                0x0800f5e4       0x10 bn_translation_unit.o
                0x0800f5e4                bn::igeneric_pool_base::_free(char*)
 .text._ZN2bn5timerC2Ev
                0x0800f5f4       0x24 bn_translation_unit.o
                0x0800f5f4                bn::timer::timer()
                0x0800f5f4                bn::timer::timer()
 .text._ZNK2bn5timer13elapsed_ticksEv
                0x0800f618       0x2c bn_translation_unit.o
                0x0800f618                bn::timer::elapsed_ticks() const
 .text._ZN2bn5timer7restartEv
                0x0800f644       0x28 bn_translation_unit.o
                0x0800f644                bn::timer::restart()
 .text._ZN2bn3logERKNS_12istring_baseE
                0x0800f66c       0x58 bn_translation_unit.o
                0x0800f66c                bn::log(bn::istring_base const&)
 .text._ZN2bn18igeneric_pool_base9_allocateEv
                0x0800f6c4       0x48 bn_translation_unit.o
                0x0800f6c4                bn::igeneric_pool_base::_allocate()
 .text._ZN2bn2hw5audio12_GLOBAL__N_1L21_maxmod_event_handlerEjj
                0x0800f70c       0x38 bn_hw_audio.o
 .text._ZN2bn2hw5audio4initEv
                0x0800f744       0x7c bn_hw_audio.o
                0x0800f744                bn::hw::audio::init()
 .text._ZN2bn2hw5audio7disableEv
                0x0800f7c0       0x18 bn_hw_audio.o
                0x0800f7c0                bn::hw::audio::disable()
 .text._ZN2bn2hw5audio13update_eventsEb
                0x0800f7d8       0x6c bn_hw_audio.o
                0x0800f7d8                bn::hw::audio::update_events(bool)
 .text._ZN2bn2hw5audio13music_playingEv
                0x0800f844       0x20 bn_hw_audio.o
                0x0800f844                bn::hw::audio::music_playing()
 .text._ZN2bn2hw5audio10play_musicEib
                0x0800f864       0x1c bn_hw_audio.o
                0x0800f864                bn::hw::audio::play_music(int, bool)
 .text._ZN2bn2hw5audio10stop_musicEv
                0x0800f880       0x18 bn_hw_audio.o
                0x0800f880                bn::hw::audio::stop_music()
 .text._ZN2bn2hw5audio11pause_musicEv
                0x0800f898       0x18 bn_hw_audio.o
                0x0800f898                bn::hw::audio::pause_music()
 .text._ZN2bn2hw5audio12resume_musicEv
                0x0800f8b0       0x18 bn_hw_audio.o
                0x0800f8b0                bn::hw::audio::resume_music()
 .text._ZN2bn2hw5audio14jingle_playingEv
                0x0800f8c8       0x20 bn_hw_audio.o
                0x0800f8c8                bn::hw::audio::jingle_playing()
 .text._ZN2bn2hw5audio11play_jingleEi
                0x0800f8e8       0x1c bn_hw_audio.o
                0x0800f8e8                bn::hw::audio::play_jingle(int)
 .text._ZN2bn2hw5audio11stop_jingleEv
                0x0800f904       0x18 bn_hw_audio.o
                0x0800f904                bn::hw::audio::stop_jingle()
 .text._ZN2bn2hw5audio12pause_jingleEv
                0x0800f91c       0x18 bn_hw_audio.o
                0x0800f91c                bn::hw::audio::pause_jingle()
 .text._ZN2bn2hw5audio13resume_jingleEv
                0x0800f934       0x18 bn_hw_audio.o
                0x0800f934                bn::hw::audio::resume_jingle()
 .text._ZN3_bn6assert9show_argsIA43_cEEvPKcS4_S4_iRKT_
                0x0800f94c       0x48 bn_hw_audio.o
                0x0800f94c                void _bn::assert::show_args<char [43]>(char const*, char const*, char const*, int, char const (&) [43])
 .text._ZN2bn2hw5audio15set_mixing_rateENS_17audio_mixing_rateE
                0x0800f994       0xc0 bn_hw_audio.o
                0x0800f994                bn::hw::audio::set_mixing_rate(bn::audio_mixing_rate)
 .text._ZN2bn2hw5audio15set_sound_speedEtNS_7fixed_tILi12EEES3_
                0x0800fa54       0x74 bn_hw_audio.o
                0x0800fa54                bn::hw::audio::set_sound_speed(unsigned short, bn::fixed_t<12>, bn::fixed_t<12>)
 .text._ZN2bn2hw5audio12_GLOBAL__N_1L19_add_sound_to_queueEit
                0x0800fac8       0x98 bn_hw_audio.o
 .text._ZN2bn2hw5audio12_GLOBAL__N_1L19_check_sounds_queueEi
                0x0800fb60       0xb0 bn_hw_audio.o
 .text._ZN2bn2hw5audio10play_soundEii
                0x0800fc10       0x44 bn_hw_audio.o
                0x0800fc10                bn::hw::audio::play_sound(int, int)
 .text._ZN2bn2hw5audio10play_soundEiiNS_7fixed_tILi12EEES3_S3_
                0x0800fc54       0xb8 bn_hw_audio.o
                0x0800fc54                bn::hw::audio::play_sound(int, int, bn::fixed_t<12>, bn::fixed_t<12>, bn::fixed_t<12>)
 .text._ZN2bn2hw5audio15stop_all_soundsEv
                0x0800fd0c       0x60 bn_hw_audio.o
                0x0800fd0c                bn::hw::audio::stop_all_sounds()
 .text._ZN2bn2hw5audio19update_sounds_queueEv
                0x0800fd6c       0x94 bn_hw_audio.o
                0x0800fd6c                bn::hw::audio::update_sounds_queue()
 .text._ZN2bn2hw5audio12_GLOBAL__N_1L23_erase_sound_from_queueEt
                0x0800fe00       0x98 bn_hw_audio.o
 .text._ZN2bn2hw5audio10stop_soundEt
                0x0800fe98       0x20 bn_hw_audio.o
                0x0800fe98                bn::hw::audio::stop_sound(unsigned short)
 .text._ZN2bn2hw5audio13release_soundEt
                0x0800feb8       0x20 bn_hw_audio.o
                0x0800feb8                bn::hw::audio::release_sound(unsigned short)
 .text.__libc_init_array
                0x0800fed8       0x50 bn_hw_common.bn_noflto.o
                0x0800fed8                __libc_init_array
 .text._ZN3_bn6assert9show_argsIA40_cEEvPKcS4_S4_iRKT_
                0x0800ff28       0x48 bn_hw_common.bn_noflto.o
                0x0800ff28                void _bn::assert::show_args<char [40]>(char const*, char const*, char const*, int, char const (&) [40])
 .text.__aeabi_idiv0
                0x0800ff70       0x24 bn_hw_common.bn_noflto.o
                0x0800ff70                __aeabi_idiv0
 .text.free     0x0800ff94        0xc bn_hw_cstdlib.o
                0x0800ff94                free
 .text._ZN2bn2hw9dmg_audio4initEv
                0x0800ffa0       0x18 bn_hw_dmg_audio.o
                0x0800ffa0                bn::hw::dmg_audio::init()
 .text._ZN2bn2hw9dmg_audio7disableEv
                0x0800ffb8       0x18 bn_hw_dmg_audio.o
                0x0800ffb8                bn::hw::dmg_audio::disable()
 .text._ZN2bn2hw9dmg_audio13music_playingEv
                0x0800ffd0       0x28 bn_hw_dmg_audio.o
                0x0800ffd0                bn::hw::dmg_audio::music_playing()
 .text._ZN2bn2hw9dmg_audio10stop_musicEv
                0x0800fff8       0x24 bn_hw_dmg_audio.o
                0x0800fff8                bn::hw::dmg_audio::stop_music()
 .text._ZN2bn2hw9dmg_audio11pause_musicEv
                0x0801001c       0x24 bn_hw_dmg_audio.o
                0x0801001c                bn::hw::dmg_audio::pause_music()
 .text._ZN2bn2hw9dmg_audio12resume_musicEv
                0x08010040       0x24 bn_hw_dmg_audio.o
                0x08010040                bn::hw::dmg_audio::resume_music()
 .text._ZN2bn2hw9dmg_audio14music_positionERiS2_
                0x08010064       0x2c bn_hw_dmg_audio.o
                0x08010064                bn::hw::dmg_audio::music_position(int&, int&)
 .text._ZN2bn2hw9dmg_audio6commitEv
                0x08010090       0x34 bn_hw_dmg_audio.o
                0x08010090                bn::hw::dmg_audio::commit()
 .text._ZN3_bn6assert9show_argsIA47_ciEEvPKcS4_S4_iRKT_RKT0_
                0x080100c4       0x54 bn_hw_dmg_audio.o
                0x080100c4                void _bn::assert::show_args<char [47], int>(char const*, char const*, char const*, int, char const (&) [47], int const&)
 .text._ZN2bn2hw9dmg_audio10play_musicEPKvNS_14dmg_music_typeEib
                0x08010118       0x84 bn_hw_dmg_audio.o
                0x08010118                bn::hw::dmg_audio::play_music(void const*, bn::dmg_music_type, int, bool)
 .text._ZN2bn2hw9dmg_audio18set_music_positionEii
                0x0801019c       0x4c bn_hw_dmg_audio.o
                0x0801019c                bn::hw::dmg_audio::set_music_position(int, int)
 .text._ZN2bn2hw9dmg_audio16set_music_volumeENS_7fixed_tILi12EEES3_
                0x080101e8       0x50 bn_hw_dmg_audio.o
                0x080101e8                bn::hw::dmg_audio::set_music_volume(bn::fixed_t<12>, bn::fixed_t<12>)
 .text._ZN3_bn6assert9show_argsIA20_cjEEvPKcS4_S4_iRKT_RKT0_
                0x08010238       0x54 bn_hw_dmg_audio.o
                0x08010238                void _bn::assert::show_args<char [20], unsigned int>(char const*, char const*, char const*, int, char const (&) [20], unsigned int const&)
 .text._ZN2bn2hw9dmg_audio19check_commit_resultEv
                0x0801028c       0x38 bn_hw_dmg_audio.o
                0x0801028c                bn::hw::dmg_audio::check_commit_result()
 .text._ZN2bn2hw4gpio4initEv
                0x080102c4        0x8 bn_hw_gpio.bn_noflto.o
                0x080102c4                bn::hw::gpio::init()
 .text._ZN2bn2hw4link12_GLOBAL__N_1L19_resetStateCallbackEv
                0x080102cc       0x4c bn_hw_link.o
 .text._ZN2bn2hw4link4initEv
                0x08010318      0x100 bn_hw_link.o
                0x08010318                bn::hw::link::init()
 .text._ZN2bn2hw4link6activeEv
                0x08010418       0x10 bn_hw_link.o
                0x08010418                bn::hw::link::active()
 .text._ZN2bn2hw4link7disableEv
                0x08010428       0x6c bn_hw_link.o
                0x08010428                bn::hw::link::disable()
 .text._ZN2bn2hw4link6commitEv
                0x08010494       0x28 bn_hw_link.o
                0x08010494                bn::hw::link::commit()
 .text._ZN2bn2hw4link11_timer_intrEv
                0x080104bc       0xf8 bn_hw_link.o
                0x080104bc                bn::hw::link::_timer_intr()
 .text._ZN2bn2hw4link12_serial_intrEv
                0x080105b4      0x1d4 bn_hw_link.o
                0x080105b4                bn::hw::link::_serial_intr()
 .text._ZN2bn2hw4link12_GLOBAL__N_1L17_sendDataCallbackEv
                0x08010788       0xd8 bn_hw_link.o
 .text._ZN2bn2hw4link12_GLOBAL__N_1L24_receiveResponseCallbackERKNS_2lc12LinkResponseE
                0x08010860      0x148 bn_hw_link.o
 .text._ZN2bn2hw8palettes8contrastEPKNS_5colorEiiPS2_
                0x080109a8       0x18 bn_hw_palettes.o
                0x080109a8                bn::hw::palettes::contrast(bn::color const*, int, int, bn::color*)
 .text._ZN2bn2hw8palettes9intensityEPKNS_5colorEiiPS2_
                0x080109c0       0x18 bn_hw_palettes.o
                0x080109c0                bn::hw::palettes::intensity(bn::color const*, int, int, bn::color*)
 .text._ZN2bn2hw8palettes9hue_shiftEPKNS_5colorEiiPS2_
                0x080109d8      0x14c bn_hw_palettes.o
                0x080109d8                bn::hw::palettes::hue_shift(bn::color const*, int, int, bn::color*)
 .text._ZN2bn2hw8palettes6rotateEPKNS_5colorEiiPS2_
                0x08010b24       0x30 bn_hw_palettes.o
                0x08010b24                bn::hw::palettes::rotate(bn::color const*, int, int, bn::color*)
 .text._ZN2bn7istring6appendEPKci.isra.0
                0x08010b54       0xb4 bn_hw_show.o
 .text._ZN2bn2hw4show5errorERKNS_11system_fontERKNS_11string_viewES7_S7_iS7_S7_
                0x08010c08      0x284 bn_hw_show.o
                0x08010c08                bn::hw::show::error(bn::system_font const&, bn::string_view const&, bn::string_view const&, bn::string_view const&, int, bn::string_view const&, bn::string_view const&)
 .text._ZN2bn2hw4sram4initEv
                0x08010e8c       0x18 bn_hw_sram.bn_noflto.o
                0x08010e8c                bn::hw::sram::init()
 .text._ZN2bn11system_fontC2Ev
                0x08010ea4       0x18 bn_hw_system_font.o
                0x08010ea4                bn::system_font::system_font()
                0x08010ea4                bn::system_font::system_font()
 .text._ZNK2bn11system_font8tte_fontEv
                0x08010ebc        0x4 bn_hw_system_font.o
                0x08010ebc                bn::system_font::tte_font() const
 .text._ZN2bn2hw4text5parseEjRNS_5arrayIcLi32EEE
                0x08010ec0       0xa0 bn_hw_text.o
                0x08010ec0                bn::hw::text::parse(unsigned int, bn::array<char, 32>&)
 .text._ZN2bn2hw4text5parseEPKvRNS_5arrayIcLi32EEE
                0x08010f60       0x30 bn_hw_text.o
                0x08010f60                bn::hw::text::parse(void const*, bn::array<char, 32>&)
 .text._ZN2bn2hw4text5parseEiRNS_5arrayIcLi32EEE
                0x08010f90       0xbc bn_hw_text.o
                0x08010f90                bn::hw::text::parse(int, bn::array<char, 32>&)
 .text._Z7VgmStopv
                0x0801104c       0xc0 vgm.o
                0x0801104c                VgmStop()
 .text._Z7VgmPlayPKhb
                0x0801110c       0x28 vgm.o
                0x0801110c                VgmPlay(unsigned char const*, bool)
 .text._Z13VgmIntrVblankv
                0x08011134       0x84 vgm.o
                0x08011134                VgmIntrVblank()
 .text._Z9VgmActivev
                0x080111b8       0x10 vgm.o
                0x080111b8                VgmActive()
 .text._Z16VgmGetOffsetPlayv
                0x080111c8        0xc vgm.o
                0x080111c8                VgmGetOffsetPlay()
 .text._Z16VgmSetOffsetPlayj
                0x080111d4       0x10 vgm.o
                0x080111d4                VgmSetOffsetPlay(unsigned int)
 .text._Z8VgmPausev
                0x080111e4       0x20 vgm.o
                0x080111e4                VgmPause()
 .text._Z9VgmResumev
                0x08011204       0x18 vgm.o
                0x08011204                VgmResume()
 .text.clr_grayscale
                0x0801121c       0x7c tonc_color.o
                0x0801121c                clr_grayscale
 .text.sbmp16_rect
                0x08011298       0x6c tonc_sbmp16.o
                0x08011298                sbmp16_rect
 .text.bmp16_drawg_b1cts
                0x08011304       0xb8 bmp16_drawg_b1cs.o
                0x08011304                bmp16_drawg_b1cts
 .text.bmp16_erase
                0x080113bc       0x24 tte_init_bmp.o
                0x080113bc                bmp16_erase
 .text.tte_init_bmp
                0x080113e0       0x60 tte_init_bmp.o
                0x080113e0                tte_init_bmp
 .text.dummy_drawg
                0x08011440        0x4 tte_main.o
                0x08011440                dummy_drawg
 .text.dummy_erase
                0x08011444        0x4 tte_main.o
                0x08011444                dummy_erase
 .text.tte_init_base
                0x08011448       0x68 tte_main.o
                0x08011448                tte_init_base
 .text.utf8_decode_char
                0x080114b0       0xb8 tte_main.o
                0x080114b0                utf8_decode_char
 .text.tte_write
                0x08011568       0xd4 tte_main.o
                0x08011568                tte_write
 .text.tte_get_text_size
                0x0801163c       0xa0 tte_main.o
                0x0801163c                tte_get_text_size
 .text.tte_set_margins
                0x080116dc       0x14 tte_main.o
                0x080116dc                tte_set_margins
 .text.IRQ_Init
                0x080116f0       0x48 interrupts_gba.o
                0x080116f0                IRQ_Init
 .text.IRQ_SetHandler